// Jest Snapshot v1, https://goo.gl/fbAQLP

exports[`RulesetTesting generates correct content for 'Items' ruleset. ClassName: 'BisCore:AuxCoordSystemSpatial' 1`] = `
Array [
  PropertyRecord {
    "description": "-5.8361314584487616",
    "property": Object {
      "displayLabel": "Yaw",
      "name": "AuxCoordSystemSpatial_Yaw",
      "typename": "double",
    },
    "value": Object {
      "displayValue": "-5.8361314584487616",
      "value": -5.836131458448762,
      "valueFormat": 0,
    },
  },
  PropertyRecord {
    "property": Object {
      "displayLabel": "User Label",
      "name": "AuxCoordSystemSpatial_UserLabel",
      "typename": "string",
    },
    "value": Object {
      "displayValue": "",
      "value": undefined,
      "valueFormat": 0,
    },
  },
  PropertyRecord {
    "description": "1",
    "property": Object {
      "displayLabel": "Type",
      "name": "AuxCoordSystemSpatial_Type",
      "typename": "int",
    },
    "value": Object {
      "displayValue": "1",
      "value": 1,
      "valueFormat": 0,
    },
  },
  PropertyRecord {
    "description": "-107.41900335275059",
    "property": Object {
      "displayLabel": "Roll",
      "name": "AuxCoordSystemSpatial_Roll",
      "typename": "double",
    },
    "value": Object {
      "displayValue": "-107.41900335275059",
      "value": -107.4190033527506,
      "valueFormat": 0,
    },
  },
  PropertyRecord {
    "description": "-160.98686924400624",
    "property": Object {
      "displayLabel": "Pitch",
      "name": "AuxCoordSystemSpatial_Pitch",
      "typename": "double",
    },
    "value": Object {
      "displayValue": "-160.98686924400624",
      "value": -160.98686924400624,
      "valueFormat": 0,
    },
  },
  PropertyRecord {
    "description": "0.30496776578505158,1.4094097654387359,0",
    "property": Object {
      "displayLabel": "Origin",
      "name": "AuxCoordSystemSpatial_Origin",
      "typename": "point3d",
    },
    "value": Object {
      "displayValue": "0.30496776578505158,1.4094097654387359,0",
      "value": Object {
        "x": 0.3049677657850516,
        "y": 1.4094097654387359,
        "z": 0,
      },
      "valueFormat": 0,
    },
  },
  PropertyRecord {
    "description": "Definition Model For DgnV8Bridge:D:\\\\Temp\\\\Properties_60InstancesWithUrl2.dgn, Default",
    "isReadonly": true,
    "property": Object {
      "displayLabel": "Model",
      "name": "AuxCoordSystemSpatial_Model",
      "typename": "navigation",
    },
    "value": Object {
      "displayValue": "Definition Model For DgnV8Bridge:D:\\\\Temp\\\\Properties_60InstancesWithUrl2.dgn, Default",
      "value": 22,
      "valueFormat": 0,
    },
  },
  PropertyRecord {
    "description": "False",
    "property": Object {
      "displayLabel": "Is Private",
      "name": "AuxCoordSystemSpatial_IsPrivate",
      "typename": "boolean",
    },
    "value": Object {
      "displayValue": "False",
      "value": false,
      "valueFormat": 0,
    },
  },
  PropertyRecord {
    "property": Object {
      "displayLabel": "Description",
      "name": "AuxCoordSystemSpatial_Description",
      "typename": "string",
    },
    "value": Object {
      "displayValue": "",
      "value": undefined,
      "valueFormat": 0,
    },
  },
  PropertyRecord {
    "description": "Default - View 1",
    "property": Object {
      "displayLabel": "Code",
      "name": "AuxCoordSystemSpatial_CodeValue",
      "typename": "string",
    },
    "value": Object {
      "displayValue": "Default - View 1",
      "value": "Default - View 1",
      "valueFormat": 0,
    },
  },
]
`;
