// Jest Snapshot v1, https://goo.gl/fbAQLP

exports[`RulesetTesting generates correct content for 'Items' ruleset. ClassName: 'BisCore:SpatialIndex' 1`] = `
Array [
  PropertyRecord {
    "description": "-0.53096020221710205",
    "isReadonly": true,
    "property": Object {
      "displayLabel": "Min Z",
      "name": "SpatialIndex_MinZ",
      "typename": "double",
    },
    "value": Object {
      "displayValue": "-0.53096020221710205",
      "value": -0.530960202217102,
      "valueFormat": 0,
    },
  },
  PropertyRecord {
    "description": "1.383675217628479",
    "isReadonly": true,
    "property": Object {
      "displayLabel": "Min Y",
      "name": "SpatialIndex_MinY",
      "typename": "double",
    },
    "value": Object {
      "displayValue": "1.383675217628479",
      "value": 1.383675217628479,
      "valueFormat": 0,
    },
  },
  PropertyRecord {
    "description": "-2.8011031150817867",
    "isReadonly": true,
    "property": Object {
      "displayLabel": "Min X",
      "name": "SpatialIndex_MinX",
      "typename": "double",
    },
    "value": Object {
      "displayValue": "-2.8011031150817867",
      "value": -2.8011031150817867,
      "valueFormat": 0,
    },
  },
  PropertyRecord {
    "description": "0.53096020221710205",
    "isReadonly": true,
    "property": Object {
      "displayLabel": "Max Z",
      "name": "SpatialIndex_MaxZ",
      "typename": "double",
    },
    "value": Object {
      "displayValue": "0.53096020221710205",
      "value": 0.530960202217102,
      "valueFormat": 0,
    },
  },
  PropertyRecord {
    "description": "2.4455959796905518",
    "isReadonly": true,
    "property": Object {
      "displayLabel": "Max Y",
      "name": "SpatialIndex_MaxY",
      "typename": "double",
    },
    "value": Object {
      "displayValue": "2.4455959796905518",
      "value": 2.4455959796905518,
      "valueFormat": 0,
    },
  },
  PropertyRecord {
    "description": "-1.7391824722290041",
    "isReadonly": true,
    "property": Object {
      "displayLabel": "Max X",
      "name": "SpatialIndex_MaxX",
      "typename": "double",
    },
    "value": Object {
      "displayValue": "-1.7391824722290041",
      "value": -1.7391824722290041,
      "valueFormat": 0,
    },
  },
]
`;
