// Jest Snapshot v1, https://goo.gl/fbAQLP

exports[`RulesetTesting generates correct content for 'Items' ruleset. ClassName: 'BisCore:SpatialViewDefinition' 1`] = `
Array [
  PropertyRecord {
    "description": "-5.8361314584487616",
    "property": Object {
      "displayLabel": "Yaw",
      "name": "SpatialViewDefinition_Yaw",
      "typename": "double",
    },
    "value": Object {
      "displayValue": "-5.8361314584487616",
      "value": -5.836131458448762,
      "valueFormat": 0,
    },
  },
  PropertyRecord {
    "property": Object {
      "displayLabel": "User Label",
      "name": "SpatialViewDefinition_UserLabel",
      "typename": "string",
    },
    "value": Object {
      "displayValue": "",
      "value": undefined,
      "valueFormat": 0,
    },
  },
  PropertyRecord {
    "description": "-107.41900335275059",
    "property": Object {
      "displayLabel": "Roll",
      "name": "SpatialViewDefinition_Roll",
      "typename": "double",
    },
    "value": Object {
      "displayValue": "-107.41900335275059",
      "value": -107.4190033527506,
      "valueFormat": 0,
    },
  },
  PropertyRecord {
    "description": "-160.98686924400624",
    "property": Object {
      "displayLabel": "Pitch",
      "name": "SpatialViewDefinition_Pitch",
      "typename": "double",
    },
    "value": Object {
      "displayValue": "-160.98686924400624",
      "value": -160.98686924400624,
      "valueFormat": 0,
    },
  },
  PropertyRecord {
    "description": "16.459991045301607,-6.7779387834990565,-8.1429330151371513",
    "property": Object {
      "displayLabel": "Origin",
      "name": "SpatialViewDefinition_Origin",
      "typename": "point3d",
    },
    "value": Object {
      "displayValue": "16.459991045301607,-6.7779387834990565,-8.1429330151371513",
      "value": Object {
        "x": 16.459991045301607,
        "y": -6.7779387834990565,
        "z": -8.142933015137151,
      },
      "valueFormat": 0,
    },
  },
  PropertyRecord {
    "description": "Default - View 1",
    "isReadonly": true,
    "property": Object {
      "displayLabel": "Model Selector",
      "name": "SpatialViewDefinition_ModelSelector",
      "typename": "navigation",
    },
    "value": Object {
      "displayValue": "Default - View 1",
      "value": 38,
      "valueFormat": 0,
    },
  },
  PropertyRecord {
    "description": "Definition Model For DgnV8Bridge:D:\\\\Temp\\\\Properties_60InstancesWithUrl2.dgn, Default",
    "isReadonly": true,
    "property": Object {
      "displayLabel": "Model",
      "name": "SpatialViewDefinition_Model",
      "typename": "navigation",
    },
    "value": Object {
      "displayValue": "Definition Model For DgnV8Bridge:D:\\\\Temp\\\\Properties_60InstancesWithUrl2.dgn, Default",
      "value": 22,
      "valueFormat": 0,
    },
  },
  PropertyRecord {
    "description": "0",
    "property": Object {
      "displayLabel": "Lens Angle",
      "name": "SpatialViewDefinition_LensAngle",
      "typename": "double",
    },
    "value": Object {
      "displayValue": "0",
      "value": 0,
      "valueFormat": 0,
    },
  },
  PropertyRecord {
    "description": "False",
    "property": Object {
      "displayLabel": "Is Private",
      "name": "SpatialViewDefinition_IsPrivate",
      "typename": "boolean",
    },
    "value": Object {
      "displayValue": "False",
      "value": false,
      "valueFormat": 0,
    },
  },
  PropertyRecord {
    "description": "False",
    "property": Object {
      "displayLabel": "Is Camera On",
      "name": "SpatialViewDefinition_IsCameraOn",
      "typename": "boolean",
    },
    "value": Object {
      "displayValue": "False",
      "value": false,
      "valueFormat": 0,
    },
  },
  PropertyRecord {
    "description": "0",
    "property": Object {
      "displayLabel": "Focus Distance",
      "name": "SpatialViewDefinition_FocusDistance",
      "typename": "double",
    },
    "value": Object {
      "displayValue": "0",
      "value": 0,
      "valueFormat": 0,
    },
  },
  PropertyRecord {
    "description": "0,0,0",
    "property": Object {
      "displayLabel": "Eye Point",
      "name": "SpatialViewDefinition_EyePoint",
      "typename": "point3d",
    },
    "value": Object {
      "displayValue": "0,0,0",
      "value": Object {
        "x": 0,
        "y": 0,
        "z": 0,
      },
      "valueFormat": 0,
    },
  },
  PropertyRecord {
    "description": "19.325674175681549,10.797911681847634,19.557384678145382",
    "property": Object {
      "displayLabel": "Extents",
      "name": "SpatialViewDefinition_Extents",
      "typename": "point3d",
    },
    "value": Object {
      "displayValue": "19.325674175681549,10.797911681847634,19.557384678145382",
      "value": Object {
        "x": 19.32567417568155,
        "y": 10.797911681847634,
        "z": 19.557384678145382,
      },
      "valueFormat": 0,
    },
  },
  PropertyRecord {
    "description": "Illustration",
    "isReadonly": true,
    "property": Object {
      "displayLabel": "Display Style",
      "name": "SpatialViewDefinition_DisplayStyle",
      "typename": "navigation",
    },
    "value": Object {
      "displayValue": "Illustration",
      "value": 39,
      "valueFormat": 0,
    },
  },
  PropertyRecord {
    "property": Object {
      "displayLabel": "Description",
      "name": "SpatialViewDefinition_Description",
      "typename": "string",
    },
    "value": Object {
      "displayValue": "",
      "value": "",
      "valueFormat": 0,
    },
  },
  PropertyRecord {
    "description": "Default - View 1",
    "property": Object {
      "displayLabel": "Code",
      "name": "SpatialViewDefinition_CodeValue",
      "typename": "string",
    },
    "value": Object {
      "displayValue": "Default - View 1",
      "value": "Default - View 1",
      "valueFormat": 0,
    },
  },
  PropertyRecord {
    "description": "Default - View 1",
    "isReadonly": true,
    "property": Object {
      "displayLabel": "Category Selector",
      "name": "SpatialViewDefinition_CategorySelector",
      "typename": "navigation",
    },
    "value": Object {
      "displayValue": "Default - View 1",
      "value": 40,
      "valueFormat": 0,
    },
  },
]
`;
