// Jest Snapshot v1, https://goo.gl/fbAQLP

exports[`RulesetTesting generates correct content for 'Items' ruleset. ClassName: 'DgnCustomItemTypes_MyProp:firstTryElementAspect' 1`] = `
Array [
  PropertyRecord {
    "description": "gmail.com",
    "links": Object {
      "matcher": [Function],
    },
    "property": Object {
      "displayLabel": "without www",
      "name": "firstTryElementAspect_without__x0020__www",
      "typename": "string",
    },
    "value": Object {
      "displayValue": "gmail.com",
      "value": "gmail.com",
      "valueFormat": 0,
    },
  },
  PropertyRecord {
    "description": "www.bbc.co.uk",
    "links": Object {
      "matcher": [Function],
    },
    "property": Object {
      "displayLabel": "without http",
      "name": "firstTryElementAspect_without__x0020__http",
      "typename": "string",
    },
    "value": Object {
      "displayValue": "www.bbc.co.uk",
      "value": "www.bbc.co.uk",
      "valueFormat": 0,
    },
  },
  PropertyRecord {
    "description": "mailto:justas.lauzadis@bentley.com",
    "links": Object {
      "matcher": [Function],
    },
    "property": Object {
      "displayLabel": "mailto",
      "name": "firstTryElementAspect_mailto",
      "typename": "string",
    },
    "value": Object {
      "displayValue": "mailto:justas.lauzadis@bentley.com",
      "value": "mailto:justas.lauzadis@bentley.com",
      "valueFormat": 0,
    },
  },
  PropertyRecord {
    "description": "http://www.google.lt",
    "links": Object {
      "matcher": [Function],
    },
    "property": Object {
      "displayLabel": "full URL",
      "name": "firstTryElementAspect_full__x0020__URL",
      "typename": "string",
    },
    "value": Object {
      "displayValue": "http://www.google.lt",
      "value": "http://www.google.lt",
      "valueFormat": 0,
    },
  },
  PropertyRecord {
    "description": "justas.lauzadis@bentley.com",
    "links": Object {
      "matcher": [Function],
    },
    "property": Object {
      "displayLabel": "email",
      "name": "firstTryElementAspect_email",
      "typename": "string",
    },
    "value": Object {
      "displayValue": "justas.lauzadis@bentley.com",
      "value": "justas.lauzadis@bentley.com",
      "valueFormat": 0,
    },
  },
]
`;
