// Jest Snapshot v1, https://goo.gl/fbAQLP

exports[`RulesetTesting generates correct content for 'Items' ruleset. ClassName: 'Generic:PhysicalObject' 1`] = `
Array [
  PropertyRecord {
    "isReadonly": true,
    "property": Object {
      "displayLabel": "workingUnitsProp",
      "name": "PhysicalObject_workingUnitsPropElementAspect",
      "typename": "workingUnitsProp",
    },
    "value": Object {
      "members": Object {
        "workingUnitsPropElementAspect_Angle": PropertyRecord {
          "description": "2.6201485916728364",
          "property": Object {
            "displayLabel": "Angle",
            "name": "workingUnitsPropElementAspect_Angle",
            "typename": "double",
          },
          "value": Object {
            "displayValue": "2.6201485916728364",
            "value": 2.6201485916728364,
            "valueFormat": 0,
          },
        },
        "workingUnitsPropElementAspect_Area": PropertyRecord {
          "description": "150.123456",
          "property": Object {
            "displayLabel": "Area",
            "name": "workingUnitsPropElementAspect_Area",
            "typename": "double",
          },
          "value": Object {
            "displayValue": "150.123456",
            "value": 150.123456,
            "valueFormat": 0,
          },
        },
        "workingUnitsPropElementAspect_Distance": PropertyRecord {
          "description": "150.123456",
          "property": Object {
            "displayLabel": "Distance",
            "name": "workingUnitsPropElementAspect_Distance",
            "typename": "double",
          },
          "value": Object {
            "displayValue": "150.123456",
            "value": 150.123456,
            "valueFormat": 0,
          },
        },
        "workingUnitsPropElementAspect_Volume": PropertyRecord {
          "description": "150.123456",
          "property": Object {
            "displayLabel": "Volume",
            "name": "workingUnitsPropElementAspect_Volume",
            "typename": "double",
          },
          "value": Object {
            "displayValue": "150.123456",
            "value": 150.123456,
            "valueFormat": 0,
          },
        },
      },
      "valueFormat": 2,
    },
  },
  PropertyRecord {
    "isReadonly": true,
    "property": Object {
      "displayLabel": "firstTry",
      "name": "PhysicalObject_firstTryElementAspect",
      "typename": "firstTry",
    },
    "value": Object {
      "members": Object {
        "firstTryElementAspect_email": PropertyRecord {
          "description": "justas.lauzadis@bentley.com",
          "links": Object {
            "matcher": [Function],
          },
          "property": Object {
            "displayLabel": "email",
            "name": "firstTryElementAspect_email",
            "typename": "string",
          },
          "value": Object {
            "displayValue": "justas.lauzadis@bentley.com",
            "value": "justas.lauzadis@bentley.com",
            "valueFormat": 0,
          },
        },
        "firstTryElementAspect_full__x0020__URL": PropertyRecord {
          "description": "http://www.google.lt",
          "links": Object {
            "matcher": [Function],
          },
          "property": Object {
            "displayLabel": "full URL",
            "name": "firstTryElementAspect_full__x0020__URL",
            "typename": "string",
          },
          "value": Object {
            "displayValue": "http://www.google.lt",
            "value": "http://www.google.lt",
            "valueFormat": 0,
          },
        },
        "firstTryElementAspect_mailto": PropertyRecord {
          "description": "mailto:justas.lauzadis@bentley.com",
          "links": Object {
            "matcher": [Function],
          },
          "property": Object {
            "displayLabel": "mailto",
            "name": "firstTryElementAspect_mailto",
            "typename": "string",
          },
          "value": Object {
            "displayValue": "mailto:justas.lauzadis@bentley.com",
            "value": "mailto:justas.lauzadis@bentley.com",
            "valueFormat": 0,
          },
        },
        "firstTryElementAspect_without__x0020__http": PropertyRecord {
          "description": "www.bbc.co.uk",
          "links": Object {
            "matcher": [Function],
          },
          "property": Object {
            "displayLabel": "without http",
            "name": "firstTryElementAspect_without__x0020__http",
            "typename": "string",
          },
          "value": Object {
            "displayValue": "www.bbc.co.uk",
            "value": "www.bbc.co.uk",
            "valueFormat": 0,
          },
        },
        "firstTryElementAspect_without__x0020__www": PropertyRecord {
          "description": "gmail.com",
          "links": Object {
            "matcher": [Function],
          },
          "property": Object {
            "displayLabel": "without www",
            "name": "firstTryElementAspect_without__x0020__www",
            "typename": "string",
          },
          "value": Object {
            "displayValue": "gmail.com",
            "value": "gmail.com",
            "valueFormat": 0,
          },
        },
      },
      "valueFormat": 2,
    },
  },
  PropertyRecord {
    "isReadonly": true,
    "property": Object {
      "displayLabel": "area",
      "name": "PhysicalObject_areaElementAspect",
      "typename": "area",
    },
    "value": Object {
      "members": Object {
        "areaElementAspect_Acres": PropertyRecord {
          "description": "150.1235 acres",
          "property": Object {
            "displayLabel": "Acres",
            "name": "areaElementAspect_Acres",
            "typename": "double",
          },
          "value": Object {
            "displayValue": "150.1235 acres",
            "value": 150.1235,
            "valueFormat": 0,
          },
        },
        "areaElementAspect_cm2": PropertyRecord {
          "description": "150.1235 cm²",
          "property": Object {
            "displayLabel": "cm2",
            "name": "areaElementAspect_cm2",
            "typename": "double",
          },
          "value": Object {
            "displayValue": "150.1235 cm²",
            "value": 150.1235,
            "valueFormat": 0,
          },
        },
        "areaElementAspect_ft2": PropertyRecord {
          "description": "150.1235 ft²",
          "property": Object {
            "displayLabel": "ft2",
            "name": "areaElementAspect_ft2",
            "typename": "double",
          },
          "value": Object {
            "displayValue": "150.1235 ft²",
            "value": 150.1235,
            "valueFormat": 0,
          },
        },
        "areaElementAspect_ft__x0020__ft": PropertyRecord {
          "description": "150.1235 ft·ft",
          "property": Object {
            "displayLabel": "ft ft",
            "name": "areaElementAspect_ft__x0020__ft",
            "typename": "double",
          },
          "value": Object {
            "displayValue": "150.1235 ft·ft",
            "value": 150.1235,
            "valueFormat": 0,
          },
        },
        "areaElementAspect_ft__x0020__mi": PropertyRecord {
          "description": "150.1235 ft·mi",
          "property": Object {
            "displayLabel": "ft mi",
            "name": "areaElementAspect_ft__x0020__mi",
            "typename": "double",
          },
          "value": Object {
            "displayValue": "150.1235 ft·mi",
            "value": 150.1235,
            "valueFormat": 0,
          },
        },
        "areaElementAspect_ha": PropertyRecord {
          "description": "150.1235 ha",
          "property": Object {
            "displayLabel": "ha",
            "name": "areaElementAspect_ha",
            "typename": "double",
          },
          "value": Object {
            "displayValue": "150.1235 ha",
            "value": 150.1235,
            "valueFormat": 0,
          },
        },
        "areaElementAspect_in2": PropertyRecord {
          "description": "150.1235 in²",
          "property": Object {
            "displayLabel": "in2",
            "name": "areaElementAspect_in2",
            "typename": "double",
          },
          "value": Object {
            "displayValue": "150.1235 in²",
            "value": 150.1235,
            "valueFormat": 0,
          },
        },
        "areaElementAspect_in__x0020__ft": PropertyRecord {
          "description": "150.1235 in·ft",
          "property": Object {
            "displayLabel": "in ft",
            "name": "areaElementAspect_in__x0020__ft",
            "typename": "double",
          },
          "value": Object {
            "displayValue": "150.1235 in·ft",
            "value": 150.1235,
            "valueFormat": 0,
          },
        },
        "areaElementAspect_in__x0020__m": PropertyRecord {
          "description": "150.1235 in·m",
          "property": Object {
            "displayLabel": "in m",
            "name": "areaElementAspect_in__x0020__m",
            "typename": "double",
          },
          "value": Object {
            "displayValue": "150.1235 in·m",
            "value": 150.1235,
            "valueFormat": 0,
          },
        },
        "areaElementAspect_in__x0020__mi": PropertyRecord {
          "description": "150.1235 in·mi",
          "property": Object {
            "displayLabel": "in mi",
            "name": "areaElementAspect_in__x0020__mi",
            "typename": "double",
          },
          "value": Object {
            "displayValue": "150.1235 in·mi",
            "value": 150.1235,
            "valueFormat": 0,
          },
        },
        "areaElementAspect_km2": PropertyRecord {
          "description": "150.1235 km²",
          "property": Object {
            "displayLabel": "km2",
            "name": "areaElementAspect_km2",
            "typename": "double",
          },
          "value": Object {
            "displayValue": "150.1235 km²",
            "value": 150.1235,
            "valueFormat": 0,
          },
        },
        "areaElementAspect_m2": PropertyRecord {
          "description": "150.1235 m²",
          "property": Object {
            "displayLabel": "m2",
            "name": "areaElementAspect_m2",
            "typename": "double",
          },
          "value": Object {
            "displayValue": "150.1235 m²",
            "value": 150.1235,
            "valueFormat": 0,
          },
        },
        "areaElementAspect_m__x0020__km": PropertyRecord {
          "description": "150.1235 m·km",
          "property": Object {
            "displayLabel": "m km",
            "name": "areaElementAspect_m__x0020__km",
            "typename": "double",
          },
          "value": Object {
            "displayValue": "150.1235 m·km",
            "value": 150.1235,
            "valueFormat": 0,
          },
        },
        "areaElementAspect_m__x0020__m": PropertyRecord {
          "description": "150.1235 mm·m",
          "property": Object {
            "displayLabel": "m m",
            "name": "areaElementAspect_m__x0020__m",
            "typename": "double",
          },
          "value": Object {
            "displayValue": "150.1235 mm·m",
            "value": 150.1235,
            "valueFormat": 0,
          },
        },
        "areaElementAspect_mi2": PropertyRecord {
          "description": "150.1235 mi²",
          "property": Object {
            "displayLabel": "mi2",
            "name": "areaElementAspect_mi2",
            "typename": "double",
          },
          "value": Object {
            "displayValue": "150.1235 mi²",
            "value": 150.1235,
            "valueFormat": 0,
          },
        },
        "areaElementAspect_mm__x0020__km": PropertyRecord {
          "description": "150.1235 mm·km",
          "property": Object {
            "displayLabel": "mm km",
            "name": "areaElementAspect_mm__x0020__km",
            "typename": "double",
          },
          "value": Object {
            "displayValue": "150.1235 mm·km",
            "value": 150.1235,
            "valueFormat": 0,
          },
        },
        "areaElementAspect_thousand__x0020__ft2": PropertyRecord {
          "description": "150.1235 thousand ft²",
          "property": Object {
            "displayLabel": "thousand ft2",
            "name": "areaElementAspect_thousand__x0020__ft2",
            "typename": "double",
          },
          "value": Object {
            "displayValue": "150.1235 thousand ft²",
            "value": 150.1235,
            "valueFormat": 0,
          },
        },
      },
      "valueFormat": 2,
    },
  },
  PropertyRecord {
    "property": Object {
      "displayLabel": "User Label",
      "name": "PhysicalObject_UserLabel",
      "typename": "string",
    },
    "value": Object {
      "displayValue": "",
      "value": undefined,
      "valueFormat": 0,
    },
  },
  PropertyRecord {
    "description": "Properties_60InstancesWithUrl2",
    "isReadonly": true,
    "property": Object {
      "displayLabel": "Model",
      "name": "PhysicalObject_Model",
      "typename": "navigation",
    },
    "value": Object {
      "displayValue": "Properties_60InstancesWithUrl2",
      "value": 28,
      "valueFormat": 0,
    },
  },
  PropertyRecord {
    "property": Object {
      "displayLabel": "Code",
      "name": "PhysicalObject_CodeValue",
      "typename": "string",
    },
    "value": Object {
      "displayValue": "",
      "value": undefined,
      "valueFormat": 0,
    },
  },
  PropertyRecord {
    "description": "Uncategorized",
    "isReadonly": true,
    "property": Object {
      "displayLabel": "Category",
      "name": "PhysicalObject_Category",
      "typename": "navigation",
    },
    "value": Object {
      "displayValue": "Uncategorized",
      "value": 23,
      "valueFormat": 0,
    },
  },
]
`;
