// Jest Snapshot v1, https://goo.gl/fbAQLP

exports[`PresentationManager addon results conversion to Presentation objects returns child nodes 1`] = `
Array [
  Object {
    "key": Object {
      "instanceKey": Object {
        "className": "Personal Loan Account",
        "id": "0x3e24000000a14c",
      },
      "pathFromRoot": Array [
        "p1",
      ],
      "type": "ECInstanceNode",
    },
    "label": "test2",
    "labelDefinition": Object {
      "displayValue": "test2",
      "rawValue": "test2",
      "typeName": "string",
    },
  },
  Object {
    "key": Object {
      "pathFromRoot": Array [
        "p1",
        "p3",
      ],
      "type": "type 2",
    },
    "label": "test3",
    "labelDefinition": Object {
      "displayValue": "test3",
      "rawValue": "test3",
      "typeName": "string",
    },
  },
]
`;

exports[`PresentationManager addon results conversion to Presentation objects returns child nodes and child node count when requesting first page 1`] = `
Array [
  Object {
    "key": Object {
      "instanceKey": Object {
        "className": "Corporate",
        "id": "0xd1b20000004eb7",
      },
      "pathFromRoot": Array [
        "p1",
      ],
      "type": "ECInstanceNode",
    },
    "label": "test2",
    "labelDefinition": Object {
      "displayValue": "test2",
      "rawValue": "test2",
      "typeName": "string",
    },
  },
  Object {
    "key": Object {
      "pathFromRoot": Array [
        "p1",
        "p3",
      ],
      "type": "type 2",
    },
    "label": "test3",
    "labelDefinition": Object {
      "displayValue": "test3",
      "rawValue": "test3",
      "typeName": "string",
    },
  },
]
`;

exports[`PresentationManager addon results conversion to Presentation objects returns content 1`] = `
Object {
  "contentSet": Array [
    Object {
      "classInfo": Object {
        "id": "0xac10000013c01",
        "label": "Borders Table",
        "name": "mesh",
      },
      "displayValues": Object {
        "synthesizing": "interactive teal Pataca",
      },
      "imageId": "75a0d050-d92b-4a6a-b55b-186798f16c72",
      "label": "Customizable",
      "labelDefinition": Object {
        "displayValue": "Customizable",
        "rawValue": "24 hour",
        "typeName": "string",
      },
      "mergedFieldNames": Array [],
      "primaryKeys": Array [
        Object {
          "className": "cross-platform",
          "id": "0xb58c0000008c73",
        },
      ],
      "values": Object {
        "synthesizing": "Yuan Renminbi Brunei Dollar EXE",
      },
    },
  ],
  "descriptor": Object {
    "contentFlags": 0,
    "displayType": "et non laborum",
    "fields": Array [
      Object {
        "category": Object {
          "description": "Vel a ut exercitationem sed enim sequi et.",
          "expand": true,
          "label": "THX Identity",
          "name": "solid state",
          "priority": 14609,
        },
        "editor": undefined,
        "isReadonly": true,
        "label": "Unbranded Fantastic Concrete Table",
        "name": "synthesizing",
        "priority": 2136,
        "properties": Array [
          Object {
            "property": Object {
              "classInfo": Object {
                "id": "0xf7fc0000001d4e",
                "label": "Operative Human",
                "name": "deposit",
              },
              "name": "Grocery",
              "type": "string",
            },
            "relatedClassPath": Array [],
          },
        ],
        "type": Object {
          "typeName": "string",
          "valueFormat": "Primitive",
        },
      },
    ],
    "selectClasses": Array [
      Object {
        "isSelectPolymorphic": true,
        "navigationPropertyClasses": Array [],
        "pathToPrimaryClass": Array [],
        "relatedInstanceClasses": Array [],
        "relatedPropertyPaths": Array [],
        "selectClassInfo": Object {
          "id": "0x129320000015ffe",
          "label": "Books",
          "name": "bluetooth",
        },
      },
    ],
  },
}
`;

exports[`PresentationManager addon results conversion to Presentation objects returns content and content set size when requesting first page 1`] = `
Object {
  "contentSet": Array [
    Object {
      "classInfo": Object {
        "id": "0x88fd000000c68b",
        "label": "ivory Fish Borders",
        "name": "Orchestrator",
      },
      "displayValues": Object {
        "transmit": "Shoes Maryland Developer",
      },
      "imageId": "8a229fb2-a3e8-4dfa-81eb-6e90255f7ce5",
      "label": "Silver",
      "labelDefinition": Object {
        "displayValue": "Silver",
        "rawValue": "Handcrafted Rubber Soap",
        "typeName": "string",
      },
      "mergedFieldNames": Array [],
      "primaryKeys": Array [
        Object {
          "className": "Innovative",
          "id": "0xbd300000009d43",
        },
      ],
      "values": Object {
        "transmit": "Mission infrastructure Concrete",
      },
    },
  ],
  "descriptor": Object {
    "contentFlags": 0,
    "displayType": "ullam atque quod",
    "fields": Array [
      Object {
        "category": Object {
          "description": "Magnam deserunt quod a blanditiis enim doloribus quia fugit.",
          "expand": false,
          "label": "Web Frozen deposit",
          "name": "Metal",
          "priority": 18956,
        },
        "editor": undefined,
        "isReadonly": true,
        "label": "Director",
        "name": "transmit",
        "priority": 98124,
        "properties": Array [
          Object {
            "property": Object {
              "classInfo": Object {
                "id": "0xda0c0000015262",
                "label": "expedite encoding",
                "name": "Savings Account",
              },
              "name": "Directives",
              "type": "string",
            },
            "relatedClassPath": Array [],
          },
        ],
        "type": Object {
          "typeName": "string",
          "valueFormat": "Primitive",
        },
      },
    ],
    "selectClasses": Array [
      Object {
        "isSelectPolymorphic": true,
        "navigationPropertyClasses": Array [],
        "pathToPrimaryClass": Array [],
        "relatedInstanceClasses": Array [],
        "relatedPropertyPaths": Array [],
        "selectClassInfo": Object {
          "id": "0x25880000008064",
          "label": "Fantastic back-end",
          "name": "Assistant",
        },
      },
    ],
  },
}
`;

exports[`PresentationManager addon results conversion to Presentation objects returns content descriptor 1`] = `
Object {
  "connectionId": "fc019bde-fa36-4ec6-a506-ff3d07a05f70",
  "contentFlags": 0,
  "contentOptions": "bar",
  "displayType": "1080p",
  "fields": Array [
    Object {
      "category": Object {
        "description": "Aut molestias neque aut distinctio error sint tempora.",
        "expand": true,
        "label": "1080p leverage",
        "name": "product",
        "priority": 33287,
      },
      "editor": Object {
        "name": "intuitive",
        "params": Object {
          "some_param": 82076,
        },
      },
      "isReadonly": true,
      "label": "Outdoors interactive Rustic Granite Shirt",
      "name": "Primitive property field with editor",
      "priority": 73900,
      "properties": Array [
        Object {
          "property": Object {
            "classInfo": Object {
              "id": "0x3af60000014f31",
              "label": "best-of-breed Quality generating",
              "name": "Shoes",
            },
            "enumerationInfo": Object {
              "choices": Array [
                Object {
                  "label": "Buckinghamshire compress black",
                  "value": "ff3a7f4a-333b-403b-ba1e-2fe7bb8028c3",
                },
                Object {
                  "label": "Managed",
                  "value": "f9375034-0ed9-4f0e-bd9c-a09092f77777",
                },
              ],
              "isStrict": true,
            },
            "name": "Unbranded",
            "type": "string",
          },
          "relatedClassPath": Array [],
        },
      ],
      "type": Object {
        "typeName": "string",
        "valueFormat": "Primitive",
      },
    },
    Object {
      "category": Object {
        "description": "Nisi et esse praesentium minima est rerum.",
        "expand": false,
        "label": "Borders impactful",
        "name": "Ergonomic Granite Soap",
        "priority": 12748,
      },
      "editor": undefined,
      "isReadonly": false,
      "label": "Program Graphic Interface",
      "name": "Complex array of structs property field",
      "priority": 96011,
      "properties": Array [
        Object {
          "property": Object {
            "classInfo": Object {
              "id": "0xa04d000000b5d7",
              "label": "definition",
              "name": "Aruban Guilder",
            },
            "kindOfQuantity": Object {
              "currentFormatId": "0e772d5e-5cd2-4d77-8b2e-710e87b212e7",
              "label": "orchestrate interface District",
              "name": "Money Market Account",
              "persistenceUnit": "back up",
            },
            "name": "Lilangeni",
            "type": "double",
          },
          "relatedClassPath": Array [],
        },
      ],
      "type": Object {
        "memberType": Object {
          "members": Array [
            Object {
              "label": "dot-com turn-key",
              "name": "copy",
              "type": Object {
                "typeName": "string",
                "valueFormat": "Primitive",
              },
            },
            Object {
              "label": "calculating Managed",
              "name": "orange",
              "type": Object {
                "memberType": Object {
                  "typeName": "string",
                  "valueFormat": "Primitive",
                },
                "typeName": "string[]",
                "valueFormat": "Array",
              },
            },
          ],
          "typeName": "SomeClass",
          "valueFormat": "Struct",
        },
        "typeName": "string[]",
        "valueFormat": "Array",
      },
    },
    Object {
      "autoExpand": false,
      "category": Object {
        "description": "Eaque labore qui porro suscipit repudiandae iste iste.",
        "expand": true,
        "label": "foreground magenta synthesize",
        "name": "payment",
        "priority": 82020,
      },
      "contentClassInfo": Object {
        "id": "0x112bd000000f081",
        "label": "Concrete",
        "name": "orchestrate",
      },
      "editor": undefined,
      "isReadonly": false,
      "label": "SSL Paradigm",
      "name": "Nested content field",
      "nestedFields": Array [
        Object {
          "category": Object {
            "description": "Vitae optio dolore cumque qui ea quia et.",
            "expand": true,
            "label": "Dam Bouvet Island (Bouvetoya)",
            "name": "Sleek Plastic Chair",
            "priority": 55454,
          },
          "editor": undefined,
          "isReadonly": true,
          "label": "capacitor deposit quantify",
          "name": "Simple property field",
          "priority": 72647,
          "type": Object {
            "typeName": "string",
            "valueFormat": "Primitive",
          },
        },
      ],
      "pathToPrimaryClass": Array [
        Object {
          "isForwardRelationship": true,
          "isPolymorphicRelationship": true,
          "relationshipInfo": Object {
            "id": "0x15e270000012b12",
            "label": "Iceland bandwidth-monitored",
            "name": "application",
          },
          "sourceClassInfo": Object {
            "id": "0x7c7b000001818d",
            "label": "online",
            "name": "input",
          },
          "targetClassInfo": Object {
            "id": "0x5d42000000d23c",
            "label": "Practical Steel Salad",
            "name": "Generic",
          },
        },
      ],
      "priority": 12098,
      "type": Object {
        "members": Array [
          Object {
            "label": "Tasty Rubber Soap Outdoors",
            "name": "Virginia",
            "type": Object {
              "typeName": "string",
              "valueFormat": "Primitive",
            },
          },
        ],
        "typeName": "Avon",
        "valueFormat": "Struct",
      },
    },
  ],
  "inputKeysHash": "a75180a9-12b6-4e09-b060-dd4f8494d670",
  "selectClasses": Array [
    Object {
      "isSelectPolymorphic": true,
      "navigationPropertyClasses": Array [
        Object {
          "isForwardRelationship": false,
          "isPolymorphicRelationship": true,
          "relationshipInfo": Object {
            "id": "0x3d20000010c51",
            "label": "monitor bypassing plug-and-play",
            "name": "Ergonomic Granite Fish",
          },
          "sourceClassInfo": Object {
            "id": "0x136c20000017b6a",
            "label": "sensor Tactics",
            "name": "users",
          },
          "targetClassInfo": Object {
            "id": "0xc4f2000000f890",
            "label": "Grove Norfolk Island",
            "name": "Awesome",
          },
        },
      ],
      "pathToPrimaryClass": Array [
        Object {
          "isForwardRelationship": false,
          "isPolymorphicRelationship": true,
          "relationshipInfo": Object {
            "id": "0x26000000015613",
            "label": "withdrawal",
            "name": "Islands",
          },
          "sourceClassInfo": Object {
            "id": "0x117980000001ab5",
            "label": "Florida",
            "name": "Tuna",
          },
          "targetClassInfo": Object {
            "id": "0x1042e0000002b4e",
            "label": "payment",
            "name": "Norfolk Island",
          },
        },
      ],
      "relatedInstanceClasses": Array [
        Object {
          "isForwardRelationship": false,
          "isPolymorphicRelationship": true,
          "relationshipInfo": Object {
            "id": "0x6ceb0000005211",
            "label": "initiatives",
            "name": "back-end",
          },
          "sourceClassInfo": Object {
            "id": "0xede00000005c24",
            "label": "copy convergence",
            "name": "South Carolina",
          },
          "targetClassInfo": Object {
            "id": "0xe17100000091c5",
            "label": "Lead vertical deposit",
            "name": "redundant",
          },
        },
      ],
      "relatedPropertyPaths": Array [
        Array [
          Object {
            "isForwardRelationship": true,
            "isPolymorphicRelationship": true,
            "relationshipInfo": Object {
              "id": "0xc3f00000096ee",
              "label": "Sports",
              "name": "e-commerce",
            },
            "sourceClassInfo": Object {
              "id": "0x13bca000000d552",
              "label": "Synergized hacking",
              "name": "Programmable",
            },
            "targetClassInfo": Object {
              "id": "0x14ae6000000f2b7",
              "label": "application deposit",
              "name": "background",
            },
          },
        ],
      ],
      "selectClassInfo": Object {
        "id": "0x531d0000015d9c",
        "label": "Berkshire",
        "name": "Home Loan Account",
      },
    },
  ],
}
`;

exports[`PresentationManager addon results conversion to Presentation objects returns content for BisCore:Element instances when concrete key is found 1`] = `
Object {
  "contentSet": Array [
    Object {
      "classInfo": Object {
        "id": "0x114990000001b8d",
        "label": "Baby",
        "name": "Metal",
      },
      "displayValues": Object {
        "Music": "orchid",
      },
      "imageId": "49600ded-b3d1-4ee1-89a4-ae96dcf55701",
      "label": "Way",
      "labelDefinition": Object {
        "displayValue": "Way",
        "rawValue": "Awesome Cotton Chair",
        "typeName": "string",
      },
      "mergedFieldNames": Array [],
      "primaryKeys": Array [
        Object {
          "className": "Kwanza",
          "id": "0xdd8700000149fc",
        },
      ],
      "values": Object {
        "Music": "Sao Tome and Principe Accountability Boliviano Mvdol",
      },
    },
  ],
  "descriptor": Object {
    "contentFlags": 0,
    "displayType": "qui quis ipsa",
    "fields": Array [
      Object {
        "category": Object {
          "description": "Dolorem veniam ut est illo consequatur.",
          "expand": false,
          "label": "primary copying Keyboard",
          "name": "Rhode Island",
          "priority": 74613,
        },
        "editor": undefined,
        "isReadonly": false,
        "label": "Georgia",
        "name": "Music",
        "priority": 24647,
        "properties": Array [
          Object {
            "property": Object {
              "classInfo": Object {
                "id": "0x675200000093fa",
                "label": "feed",
                "name": "sky blue",
              },
              "name": "Associate",
              "type": "string",
            },
            "relatedClassPath": Array [],
          },
        ],
        "type": Object {
          "typeName": "string",
          "valueFormat": "Primitive",
        },
      },
    ],
    "selectClasses": Array [
      Object {
        "isSelectPolymorphic": true,
        "navigationPropertyClasses": Array [],
        "pathToPrimaryClass": Array [],
        "relatedInstanceClasses": Array [],
        "relatedPropertyPaths": Array [],
        "selectClassInfo": Object {
          "id": "0xe2b2000000903a",
          "label": "pink Borders Customer-focused",
          "name": "connecting",
        },
      },
    ],
  },
}
`;

exports[`PresentationManager addon results conversion to Presentation objects returns content for BisCore:Element instances when concrete key is not found 1`] = `
Object {
  "contentSet": Array [
    Object {
      "classInfo": Object {
        "id": "0x287e0000004714",
        "label": "Optional Junctions",
        "name": "cyan",
      },
      "displayValues": Object {
        "Tuna": "program Auto Loan Account",
      },
      "imageId": "3698011f-5e8a-4b53-b333-3be6a40b776c",
      "label": "azure",
      "labelDefinition": Object {
        "displayValue": "azure",
        "rawValue": "Representative",
        "typeName": "string",
      },
      "mergedFieldNames": Array [],
      "primaryKeys": Array [
        Object {
          "className": "Missouri",
          "id": "0x175f3000000e97d",
        },
      ],
      "values": Object {
        "Tuna": "Granite enterprise",
      },
    },
  ],
  "descriptor": Object {
    "contentFlags": 0,
    "displayType": "autem repellat rerum",
    "fields": Array [
      Object {
        "category": Object {
          "description": "Sint earum aliquam qui.",
          "expand": false,
          "label": "Tasty fuchsia Refined",
          "name": "Rufiyaa",
          "priority": 19731,
        },
        "editor": undefined,
        "isReadonly": true,
        "label": "Handmade",
        "name": "Tuna",
        "priority": 29164,
        "properties": Array [
          Object {
            "property": Object {
              "classInfo": Object {
                "id": "0x1c0900000122cf",
                "label": "Indiana withdrawal New Mexico",
                "name": "bluetooth",
              },
              "name": "Buckinghamshire",
              "type": "string",
            },
            "relatedClassPath": Array [],
          },
        ],
        "type": Object {
          "typeName": "string",
          "valueFormat": "Primitive",
        },
      },
    ],
    "selectClasses": Array [
      Object {
        "isSelectPolymorphic": true,
        "navigationPropertyClasses": Array [],
        "pathToPrimaryClass": Array [],
        "relatedInstanceClasses": Array [],
        "relatedPropertyPaths": Array [],
        "selectClassInfo": Object {
          "id": "0xf6f3000001271e",
          "label": "e-tailers Glen",
          "name": "Station",
        },
      },
    ],
  },
}
`;

exports[`PresentationManager addon results conversion to Presentation objects returns content when descriptor overrides are passed instead of descriptor 1`] = `
Object {
  "contentSet": Array [
    Object {
      "classInfo": Object {
        "id": "0x111450000003c3a",
        "label": "Kuwaiti Dinar Tala connect",
        "name": "Home Loan Account",
      },
      "displayValues": Object {
        "Handcrafted Wooden Bacon": "Gibraltar",
      },
      "imageId": "2e406023-5e5c-435a-b733-442ac718eed2",
      "label": "Handmade Rubber Chair",
      "labelDefinition": Object {
        "displayValue": "Handmade Rubber Chair",
        "rawValue": "Centralized",
        "typeName": "string",
      },
      "mergedFieldNames": Array [],
      "primaryKeys": Array [
        Object {
          "className": "CSS",
          "id": "0x62b00000159b1",
        },
      ],
      "values": Object {
        "Handcrafted Wooden Bacon": "monitoring",
      },
    },
  ],
  "descriptor": Object {
    "contentFlags": 0,
    "displayType": "iure corporis est",
    "fields": Array [
      Object {
        "category": Object {
          "description": "Est sed aperiam.",
          "expand": false,
          "label": "Soft XML reboot",
          "name": "Walk",
          "priority": 95016,
        },
        "editor": undefined,
        "isReadonly": true,
        "label": "Refined Rubber Gloves Cambridgeshire Legacy",
        "name": "Handcrafted Wooden Bacon",
        "priority": 38966,
        "properties": Array [
          Object {
            "property": Object {
              "classInfo": Object {
                "id": "0xdc7f000000537b",
                "label": "Extensions Texas",
                "name": "SCSI",
              },
              "name": "Grass-roots",
              "type": "string",
            },
            "relatedClassPath": Array [],
          },
        ],
        "type": Object {
          "typeName": "string",
          "valueFormat": "Primitive",
        },
      },
    ],
    "selectClasses": Array [
      Object {
        "isSelectPolymorphic": true,
        "navigationPropertyClasses": Array [],
        "pathToPrimaryClass": Array [],
        "relatedInstanceClasses": Array [],
        "relatedPropertyPaths": Array [],
        "selectClassInfo": Object {
          "id": "0x6778000000506c",
          "label": "enterprise",
          "name": "applications",
        },
      },
    ],
  },
}
`;

exports[`PresentationManager addon results conversion to Presentation objects returns filtered node paths 1`] = `
Array [
  Object {
    "children": Array [],
    "filteringData": Object {
      "childMatchesCount": 83192,
      "matchesCount": 75062,
    },
    "index": 631,
    "node": Object {
      "backColor": "rgb(
    222,
    241,
    204
  )",
      "description": "Ratione rerum cumque rem rerum harum id.",
      "foreColor": "#DCAE76",
      "hasChildren": true,
      "isCheckboxEnabled": false,
      "isCheckboxVisible": true,
      "isChecked": false,
      "isEditable": true,
      "isExpanded": false,
      "isSelectionDisabled": true,
      "key": Object {
        "instanceKey": Object {
          "className": "Unbranded",
          "id": "0x797500000144f5",
        },
        "pathFromRoot": Array [
          "33f3e289-286b-47d7-a60c-1c01cc415ed0",
          "56b06080-6fe6-407b-a8ee-bc5367e19f0f",
        ],
        "type": "ECInstanceNode",
      },
      "label": "Movies",
      "labelDefinition": Object {
        "displayValue": "Movies",
        "rawValue": "payment",
        "typeName": "string",
      },
    },
  },
]
`;

exports[`PresentationManager addon results conversion to Presentation objects returns node paths 1`] = `
Array [
  Object {
    "children": Array [],
    "index": 209,
    "node": Object {
      "description": "Quis officia et.",
      "foreColor": "#176AD3",
      "hasChildren": false,
      "isCheckboxEnabled": false,
      "isCheckboxVisible": true,
      "isChecked": false,
      "isEditable": false,
      "isExpanded": true,
      "isSelectionDisabled": false,
      "key": Object {
        "instanceKey": Object {
          "className": "Auto Loan Account",
          "id": "0x18568000000ca1f",
        },
        "pathFromRoot": Array [
          "f52f375a-0436-459a-bde5-3c4bc445086e",
          "14fe97ce-5875-470c-abf1-7260d627dcbc",
        ],
        "type": "ECInstanceNode",
      },
      "label": "Rustic",
      "labelDefinition": Object {
        "displayValue": "Rustic",
        "rawValue": "Ohio",
        "typeName": "string",
      },
    },
  },
]
`;

exports[`PresentationManager addon results conversion to Presentation objects returns root nodes 1`] = `
Array [
  Object {
    "backColor": "backColor1",
    "description": "description1",
    "fontStyle": "fontStyle1",
    "foreColor": "foreColor1",
    "hasChildren": true,
    "imageId": "img_1",
    "isCheckboxEnabled": true,
    "isCheckboxVisible": true,
    "isChecked": true,
    "isEditable": true,
    "isExpanded": true,
    "isSelectionDisabled": true,
    "key": Object {
      "pathFromRoot": Array [
        "p1",
        "p2",
        "p3",
      ],
      "type": "type1",
    },
    "label": "test1",
    "labelDefinition": Object {
      "displayValue": "test1",
      "rawValue": "test1",
      "typeName": "string",
    },
  },
  Object {
    "backColor": "",
    "description": "description2",
    "fontStyle": "",
    "foreColor": "",
    "hasChildren": false,
    "imageId": "",
    "isCheckboxEnabled": false,
    "isCheckboxVisible": false,
    "isChecked": false,
    "isEditable": false,
    "isExpanded": false,
    "isSelectionDisabled": false,
    "key": Object {
      "instanceKey": Object {
        "className": "Spur",
        "id": "0x1698b000001730c",
      },
      "pathFromRoot": Array [
        "p1",
      ],
      "type": "ECInstanceNode",
    },
    "label": "test2",
    "labelDefinition": Object {
      "displayValue": "test2",
      "rawValue": "test2",
      "typeName": "string",
    },
  },
  Object {
    "key": Object {
      "pathFromRoot": Array [
        "p1",
        "p3",
      ],
      "type": "some node",
    },
    "label": "test2",
    "labelDefinition": Object {
      "displayValue": "test2",
      "rawValue": "test2",
      "typeName": "string",
    },
  },
]
`;

exports[`PresentationManager addon results conversion to Presentation objects returns root nodes and root nodes count when requesting first page 1`] = `
Array [
  Object {
    "backColor": "backColor1",
    "description": "description1",
    "fontStyle": "fontStyle1",
    "foreColor": "foreColor1",
    "hasChildren": true,
    "imageId": "img_1",
    "isCheckboxEnabled": true,
    "isCheckboxVisible": true,
    "isChecked": true,
    "isEditable": true,
    "isExpanded": true,
    "isSelectionDisabled": true,
    "key": Object {
      "pathFromRoot": Array [
        "p1",
        "p2",
        "p3",
      ],
      "type": "type1",
    },
    "label": "test1",
    "labelDefinition": Object {
      "displayValue": "test1",
      "rawValue": "test1",
      "typeName": "string",
    },
  },
  Object {
    "backColor": "",
    "description": "description2",
    "fontStyle": "",
    "foreColor": "",
    "hasChildren": false,
    "imageId": "",
    "isCheckboxEnabled": false,
    "isCheckboxVisible": false,
    "isChecked": false,
    "isEditable": false,
    "isExpanded": false,
    "isSelectionDisabled": false,
    "key": Object {
      "instanceKey": Object {
        "className": "Checking Account",
        "id": "0x12bf00000005879",
      },
      "pathFromRoot": Array [
        "p1",
      ],
      "type": "ECInstanceNode",
    },
    "label": "test2",
    "labelDefinition": Object {
      "displayValue": "test2",
      "rawValue": "test2",
      "typeName": "string",
    },
  },
  Object {
    "key": Object {
      "pathFromRoot": Array [
        "p1",
        "p3",
      ],
      "type": "some node",
    },
    "label": "test2",
    "labelDefinition": Object {
      "displayValue": "test2",
      "rawValue": "test2",
      "typeName": "string",
    },
  },
]
`;
