// Jest Snapshot v1, https://goo.gl/fbAQLP

exports[`Content fromJSON creates valid Content from valid JSON 1`] = `
Object {
  "contentSet": Array [
    Object {
      "classInfo": Object {
        "id": "0x1181000000828e",
        "label": "Legacy Plastic Yuan Renminbi",
        "name": "digital",
      },
      "displayValues": Object {
        "test": "Sharable",
      },
      "imageId": "83c2f9cb-35cd-420d-ba21-1cb278fb504e",
      "label": "evolve",
      "labelDefinition": Object {
        "displayValue": "evolve",
        "rawValue": "monitor",
        "typeName": "string",
      },
      "mergedFieldNames": Array [],
      "primaryKeys": Array [
        Object {
          "className": "Bolivar Fuerte",
          "id": "0x17273000000b471",
        },
      ],
      "values": Object {
        "test": 74076,
      },
    },
  ],
  "descriptor": Object {
    "connectionId": "895ab63b-71e0-4727-927b-af9359ed98dc",
    "contentFlags": 0,
    "contentOptions": "bar",
    "displayType": "ab non et",
    "fields": Array [
      Object {
        "category": Object {
          "description": "Id corrupti excepturi libero enim eius facilis dolorem.",
          "expand": true,
          "label": "Senior Greece",
          "name": "productize",
          "priority": 70947,
        },
        "editor": Object {
          "name": "product",
        },
        "isReadonly": false,
        "label": "Corporate bleeding-edge Jewelery",
        "name": "Michigan",
        "priority": 6682,
        "type": Object {
          "typeName": "blob",
          "valueFormat": "Primitive",
        },
      },
      Object {
        "category": Object {
          "description": "Ex necessitatibus et et aut.",
          "expand": false,
          "label": "parsing",
          "name": "monitoring",
          "priority": 52493,
        },
        "editor": Object {
          "name": "action-items",
        },
        "isReadonly": false,
        "label": "compressing Creative",
        "name": "standardization",
        "priority": 31840,
        "type": Object {
          "typeName": "geometry",
          "valueFormat": "Primitive",
        },
      },
      Object {
        "category": Object {
          "description": "Dicta quo aut eum asperiores.",
          "expand": false,
          "label": "Data program",
          "name": "navigate",
          "priority": 14877,
        },
        "editor": undefined,
        "isReadonly": true,
        "label": "Belarussian Ruble",
        "name": "seize",
        "priority": 4309,
        "type": Object {
          "typeName": "real",
          "valueFormat": "Primitive",
        },
      },
    ],
    "inputKeysHash": "c6a95ac4-7921-446e-8122-be095afdc624",
    "selectClasses": Array [
      Object {
        "isSelectPolymorphic": true,
        "navigationPropertyClasses": Array [
          Object {
            "isForwardRelationship": false,
            "isPolymorphicRelationship": true,
            "relationshipInfo": Object {
              "id": "0x14ffb0000015a58",
              "label": "customized Functionality Analyst",
              "name": "Supervisor",
            },
            "sourceClassInfo": Object {
              "id": "0x166d200000180ff",
              "label": "Producer",
              "name": "well-modulated",
            },
            "targetClassInfo": Object {
              "id": "0xed76000000e012",
              "label": "Health",
              "name": "Ergonomic",
            },
          },
        ],
        "pathToPrimaryClass": Array [
          Object {
            "isForwardRelationship": false,
            "isPolymorphicRelationship": true,
            "relationshipInfo": Object {
              "id": "0x157f4000000bd90",
              "label": "Markets bypassing Arizona",
              "name": "Kids",
            },
            "sourceClassInfo": Object {
              "id": "0x16bab0000006ce3",
              "label": "Avon Baby",
              "name": "payment",
            },
            "targetClassInfo": Object {
              "id": "0xde29000000d857",
              "label": "Mews Tonga multi-state",
              "name": "Refined Frozen Gloves",
            },
          },
          Object {
            "isForwardRelationship": true,
            "isPolymorphicRelationship": true,
            "relationshipInfo": Object {
              "id": "0xb60a000000bd54",
              "label": "matrix",
              "name": "deposit",
            },
            "sourceClassInfo": Object {
              "id": "0x275400000130f4",
              "label": "Sports Steel program",
              "name": "AI",
            },
            "targetClassInfo": Object {
              "id": "0x52f20000007465",
              "label": "Berkshire",
              "name": "capability",
            },
          },
        ],
        "relatedInstanceClasses": Array [
          Object {
            "isForwardRelationship": false,
            "isPolymorphicRelationship": false,
            "relationshipInfo": Object {
              "id": "0x132c30000000068",
              "label": "Personal Loan Account applications",
              "name": "feed",
            },
            "sourceClassInfo": Object {
              "id": "0xa6940000016b31",
              "label": "Czech Republic bifurcated",
              "name": "violet",
            },
            "targetClassInfo": Object {
              "id": "0x16bb10000017c18",
              "label": "De-engineered Versatile",
              "name": "Unbranded",
            },
          },
        ],
        "relatedPropertyPaths": Array [
          Array [
            Object {
              "isForwardRelationship": true,
              "isPolymorphicRelationship": true,
              "relationshipInfo": Object {
                "id": "0xb639000000433c",
                "label": "withdrawal Soap",
                "name": "Sleek Frozen Pants",
              },
              "sourceClassInfo": Object {
                "id": "0x18698000000584e",
                "label": "Missouri bluetooth",
                "name": "Consultant",
              },
              "targetClassInfo": Object {
                "id": "0x11d1a00000151c2",
                "label": "olive withdrawal Nevada",
                "name": "Computers",
              },
            },
          ],
          Array [
            Object {
              "isForwardRelationship": false,
              "isPolymorphicRelationship": false,
              "relationshipInfo": Object {
                "id": "0x247f00000000ed",
                "label": "Tactics Refined",
                "name": "Enhanced",
              },
              "sourceClassInfo": Object {
                "id": "0x132e5000000e6e3",
                "label": "Haiti",
                "name": "sexy",
              },
              "targetClassInfo": Object {
                "id": "0xa0c400000179f4",
                "label": "index mint green open system",
                "name": "exploit",
              },
            },
          ],
        ],
        "selectClassInfo": Object {
          "id": "0x8634000001605b",
          "label": "Associate",
          "name": "Ergonomic",
        },
      },
      Object {
        "isSelectPolymorphic": false,
        "navigationPropertyClasses": Array [
          Object {
            "isForwardRelationship": false,
            "isPolymorphicRelationship": true,
            "relationshipInfo": Object {
              "id": "0xbc9a00000112de",
              "label": "invoice pink",
              "name": "Shore",
            },
            "sourceClassInfo": Object {
              "id": "0x9eb00000009f9b",
              "label": "withdrawal navigating Bacon",
              "name": "Vermont",
            },
            "targetClassInfo": Object {
              "id": "0x1058400000021b0",
              "label": "card Associate",
              "name": "Computer",
            },
          },
        ],
        "pathToPrimaryClass": Array [
          Object {
            "isForwardRelationship": true,
            "isPolymorphicRelationship": true,
            "relationshipInfo": Object {
              "id": "0xf9a40000014e2d",
              "label": "Mobility Personal Loan Account",
              "name": "collaboration",
            },
            "sourceClassInfo": Object {
              "id": "0xe10e000000518d",
              "label": "alliance Officer",
              "name": "Supervisor",
            },
            "targetClassInfo": Object {
              "id": "0x10315000000a8e2",
              "label": "Specialist Forks",
              "name": "Focused",
            },
          },
          Object {
            "isForwardRelationship": true,
            "isPolymorphicRelationship": false,
            "relationshipInfo": Object {
              "id": "0xd87000000bc51",
              "label": "mint green Minnesota",
              "name": "program",
            },
            "sourceClassInfo": Object {
              "id": "0x15fd90000005b5c",
              "label": "El Salvador New York",
              "name": "Guinea-Bissau",
            },
            "targetClassInfo": Object {
              "id": "0x9fa00000015c2e",
              "label": "feed Neck",
              "name": "deposit",
            },
          },
        ],
        "relatedInstanceClasses": Array [
          Object {
            "isForwardRelationship": false,
            "isPolymorphicRelationship": true,
            "relationshipInfo": Object {
              "id": "0x29de0000005368",
              "label": "systems Berkshire",
              "name": "sticky",
            },
            "sourceClassInfo": Object {
              "id": "0x14fdf0000012b6b",
              "label": "Down-sized multi-byte seamless",
              "name": "Chief",
            },
            "targetClassInfo": Object {
              "id": "0x11ddf00000091fa",
              "label": "Pines microchip streamline",
              "name": "target",
            },
          },
        ],
        "relatedPropertyPaths": Array [
          Array [
            Object {
              "isForwardRelationship": false,
              "isPolymorphicRelationship": true,
              "relationshipInfo": Object {
                "id": "0x91f0000001744d",
                "label": "zero tolerance firmware",
                "name": "Computers",
              },
              "sourceClassInfo": Object {
                "id": "0x112610000002798",
                "label": "Up-sized quantify",
                "name": "Computers",
              },
              "targetClassInfo": Object {
                "id": "0xce0f0000006341",
                "label": "Supervisor payment",
                "name": "Nigeria",
              },
            },
          ],
          Array [
            Object {
              "isForwardRelationship": false,
              "isPolymorphicRelationship": false,
              "relationshipInfo": Object {
                "id": "0x10402000000a2a8",
                "label": "ROI",
                "name": "National",
              },
              "sourceClassInfo": Object {
                "id": "0xaed100000100bb",
                "label": "Platinum white",
                "name": "deposit",
              },
              "targetClassInfo": Object {
                "id": "0x11da9000000183b",
                "label": "Mills",
                "name": "teal",
              },
            },
          ],
        ],
        "selectClassInfo": Object {
          "id": "0xd4de0000014101",
          "label": "override",
          "name": "Tasty Metal Cheese",
        },
      },
    ],
  },
}
`;

exports[`Content fromJSON creates valid Content from valid serialized JSON 1`] = `
Object {
  "contentSet": Array [
    Object {
      "classInfo": Object {
        "id": "0x1812f00000058b2",
        "label": "New Mexico View bus",
        "name": "Planner",
      },
      "displayValues": Object {
        "test": "Shoes Buckinghamshire Streets",
      },
      "imageId": "ab9860a1-04db-4e2a-ac7d-c91ccb3ee332",
      "label": "Handmade",
      "labelDefinition": Object {
        "displayValue": "Handmade",
        "rawValue": "driver",
        "typeName": "string",
      },
      "mergedFieldNames": Array [],
      "primaryKeys": Array [
        Object {
          "className": "overriding",
          "id": "0x28840000017db2",
        },
      ],
      "values": Object {
        "test": 14767,
      },
    },
  ],
  "descriptor": Object {
    "connectionId": "c7ef9f41-8fe6-4e8d-970b-4e3137573a33",
    "contentFlags": 0,
    "contentOptions": "bar",
    "displayType": "voluptates et odio",
    "fields": Array [
      Object {
        "category": Object {
          "description": "A itaque qui tempora quod porro ratione alias.",
          "expand": false,
          "label": "best-of-breed productivity calculate",
          "name": "Ergonomic Granite Chair",
          "priority": 63581,
        },
        "editor": Object {
          "name": "intranet",
        },
        "isReadonly": true,
        "label": "Money Market Account Small",
        "name": "Georgia",
        "priority": 89340,
        "type": Object {
          "typeName": "smallint",
          "valueFormat": "Primitive",
        },
      },
      Object {
        "category": Object {
          "description": "Impedit sint quis non.",
          "expand": false,
          "label": "Minnesota",
          "name": "Hat",
          "priority": 48616,
        },
        "editor": undefined,
        "isReadonly": false,
        "label": "Supervisor",
        "name": "sky blue",
        "priority": 91437,
        "type": Object {
          "typeName": "text",
          "valueFormat": "Primitive",
        },
      },
      Object {
        "category": Object {
          "description": "Magnam dignissimos doloribus cupiditate sint enim consectetur.",
          "expand": false,
          "label": "invoice virtual toolset",
          "name": "Planner",
          "priority": 60549,
        },
        "editor": Object {
          "name": "circuit",
        },
        "isReadonly": true,
        "label": "Louisiana",
        "name": "program",
        "priority": 4829,
        "type": Object {
          "typeName": "bigint",
          "valueFormat": "Primitive",
        },
      },
    ],
    "inputKeysHash": "0fd21641-27af-488c-8cec-48ab6e1fca31",
    "selectClasses": Array [
      Object {
        "isSelectPolymorphic": false,
        "navigationPropertyClasses": Array [
          Object {
            "isForwardRelationship": true,
            "isPolymorphicRelationship": true,
            "relationshipInfo": Object {
              "id": "0x11455000001018e",
              "label": "5th generation",
              "name": "Rustic Rubber Tuna",
            },
            "sourceClassInfo": Object {
              "id": "0xa30c000000d87b",
              "label": "Analyst Mozambique Burundi Franc",
              "name": "Assistant",
            },
            "targetClassInfo": Object {
              "id": "0x112fa000000184c",
              "label": "azure deploy",
              "name": "Rustic",
            },
          },
        ],
        "pathToPrimaryClass": Array [
          Object {
            "isForwardRelationship": true,
            "isPolymorphicRelationship": false,
            "relationshipInfo": Object {
              "id": "0x13ce900000031a5",
              "label": "Green",
              "name": "Shirt",
            },
            "sourceClassInfo": Object {
              "id": "0xef810000005e49",
              "label": "Brand",
              "name": "aggregate",
            },
            "targetClassInfo": Object {
              "id": "0x9a390000009a43",
              "label": "wireless",
              "name": "Mouse",
            },
          },
          Object {
            "isForwardRelationship": false,
            "isPolymorphicRelationship": true,
            "relationshipInfo": Object {
              "id": "0xaf230000007dcc",
              "label": "Fish Investment Account withdrawal",
              "name": "Assistant",
            },
            "sourceClassInfo": Object {
              "id": "0xd0930000006b05",
              "label": "Avon Generic",
              "name": "Marketing",
            },
            "targetClassInfo": Object {
              "id": "0x58ce000000257a",
              "label": "Borders",
              "name": "Soft",
            },
          },
        ],
        "relatedInstanceClasses": Array [
          Object {
            "isForwardRelationship": false,
            "isPolymorphicRelationship": true,
            "relationshipInfo": Object {
              "id": "0xf0080000004909",
              "label": "Coves",
              "name": "optical",
            },
            "sourceClassInfo": Object {
              "id": "0x15b8c0000000183",
              "label": "turn-key Kenyan Shilling Specialist",
              "name": "Devolved",
            },
            "targetClassInfo": Object {
              "id": "0x1197c0000016514",
              "label": "Cotton Wooden",
              "name": "Liberia",
            },
          },
        ],
        "relatedPropertyPaths": Array [
          Array [
            Object {
              "isForwardRelationship": true,
              "isPolymorphicRelationship": false,
              "relationshipInfo": Object {
                "id": "0x151020000017f67",
                "label": "Music",
                "name": "invoice",
              },
              "sourceClassInfo": Object {
                "id": "0x897f0000000822",
                "label": "e-tailers",
                "name": "data-warehouse",
              },
              "targetClassInfo": Object {
                "id": "0x61140000001644",
                "label": "tangible",
                "name": "deposit",
              },
            },
          ],
          Array [
            Object {
              "isForwardRelationship": true,
              "isPolymorphicRelationship": false,
              "relationshipInfo": Object {
                "id": "0x183f10000016c8f",
                "label": "Kazakhstan",
                "name": "Music",
              },
              "sourceClassInfo": Object {
                "id": "0x1401400000005d4",
                "label": "Cambridgeshire Uruguay Netherlands Antilles",
                "name": "Supervisor",
              },
              "targetClassInfo": Object {
                "id": "0x2227000000693d",
                "label": "Chair",
                "name": "Colombia",
              },
            },
          ],
        ],
        "selectClassInfo": Object {
          "id": "0xc9b1000000e4ef",
          "label": "Intuitive",
          "name": "Handmade Metal Soap",
        },
      },
      Object {
        "isSelectPolymorphic": false,
        "navigationPropertyClasses": Array [
          Object {
            "isForwardRelationship": false,
            "isPolymorphicRelationship": true,
            "relationshipInfo": Object {
              "id": "0x179b7000000b515",
              "label": "Toys cyan",
              "name": "Program",
            },
            "sourceClassInfo": Object {
              "id": "0xcf5700000004d5",
              "label": "Soft",
              "name": "Rustic Frozen Gloves",
            },
            "targetClassInfo": Object {
              "id": "0x117b7000000470b",
              "label": "streamline CSS withdrawal",
              "name": "neural",
            },
          },
        ],
        "pathToPrimaryClass": Array [
          Object {
            "isForwardRelationship": true,
            "isPolymorphicRelationship": true,
            "relationshipInfo": Object {
              "id": "0x860000000e840",
              "label": "Belarussian Ruble",
              "name": "AI",
            },
            "sourceClassInfo": Object {
              "id": "0xff460000010cc5",
              "label": "Fords",
              "name": "implement",
            },
            "targetClassInfo": Object {
              "id": "0x172ba000000177b",
              "label": "killer",
              "name": "Marketing",
            },
          },
          Object {
            "isForwardRelationship": true,
            "isPolymorphicRelationship": true,
            "relationshipInfo": Object {
              "id": "0x69620000003248",
              "label": "Outdoors alarm",
              "name": "process improvement",
            },
            "sourceClassInfo": Object {
              "id": "0x177d50000000705",
              "label": "Soft",
              "name": "Mobility",
            },
            "targetClassInfo": Object {
              "id": "0x6a2d000000195e",
              "label": "deposit Networked",
              "name": "PNG",
            },
          },
        ],
        "relatedInstanceClasses": Array [
          Object {
            "isForwardRelationship": false,
            "isPolymorphicRelationship": false,
            "relationshipInfo": Object {
              "id": "0x11d640000003f61",
              "label": "index Extension protocol",
              "name": "connect",
            },
            "sourceClassInfo": Object {
              "id": "0x6de90000002b09",
              "label": "GB",
              "name": "benchmark",
            },
            "targetClassInfo": Object {
              "id": "0x12872000000944d",
              "label": "HDD Car Soft",
              "name": "International",
            },
          },
        ],
        "relatedPropertyPaths": Array [
          Array [
            Object {
              "isForwardRelationship": false,
              "isPolymorphicRelationship": false,
              "relationshipInfo": Object {
                "id": "0xf946000001292a",
                "label": "olive Gorgeous Metal Car",
                "name": "magnetic",
              },
              "sourceClassInfo": Object {
                "id": "0x90450000013977",
                "label": "deliver override next generation",
                "name": "Granite",
              },
              "targetClassInfo": Object {
                "id": "0x1aaf0000012fad",
                "label": "Practical Berkshire Health",
                "name": "Home",
              },
            },
          ],
          Array [
            Object {
              "isForwardRelationship": true,
              "isPolymorphicRelationship": true,
              "relationshipInfo": Object {
                "id": "0x102070000007289",
                "label": "Dynamic Avon",
                "name": "back-end",
              },
              "sourceClassInfo": Object {
                "id": "0x147270000012d76",
                "label": "transmit",
                "name": "Money Market Account",
              },
              "targetClassInfo": Object {
                "id": "0x49860000005e52",
                "label": "Steel",
                "name": "Grass-roots",
              },
            },
          ],
        ],
        "selectClassInfo": Object {
          "id": "0x11cf30000008695",
          "label": "best-of-breed",
          "name": "Designer",
        },
      },
    ],
  },
}
`;
