// Jest Snapshot v1, https://goo.gl/fbAQLP

exports[`Field fromJSON creates valid Field from valid JSON 1`] = `
Object {
  "category": Object {
    "description": "Tenetur quo recusandae.",
    "expand": true,
    "label": "Oregon",
    "name": "Designer",
    "priority": 5601,
  },
  "editor": undefined,
  "isReadonly": true,
  "label": "Sleek SAS e-commerce",
  "name": "engineer",
  "priority": 59753,
  "type": Object {
    "typeName": "serial",
    "valueFormat": "Primitive",
  },
}
`;

exports[`Field fromJSON creates valid Field from valid serialized JSON 1`] = `
Object {
  "category": Object {
    "description": "Tempora eius eveniet vel.",
    "expand": false,
    "label": "Extension",
    "name": "auxiliary",
    "priority": 2776,
  },
  "editor": Object {
    "name": "JSON",
  },
  "isReadonly": true,
  "label": "Electronics tan",
  "name": "Garden",
  "priority": 81468,
  "type": Object {
    "typeName": "bit",
    "valueFormat": "Primitive",
  },
}
`;

exports[`Field fromJSON creates valid NestedContentField from valid JSON 1`] = `
Object {
  "autoExpand": false,
  "category": Object {
    "description": "Tempora consequuntur quam eveniet distinctio quos labore corporis neque distinctio.",
    "expand": false,
    "label": "multi-byte alarm content-based",
    "name": "withdrawal",
    "priority": 80265,
  },
  "contentClassInfo": Object {
    "id": "0x173a0000003faf",
    "label": "SSL",
    "name": "protocol",
  },
  "editor": undefined,
  "isReadonly": true,
  "label": "Handcrafted Sleek Sleek Frozen Sausages",
  "name": "solid state",
  "nestedFields": Array [
    Object {
      "category": Object {
        "description": "Dolores natus qui accusamus velit similique et dicta rerum nisi.",
        "expand": false,
        "label": "whiteboard Plains",
        "name": "Ferry",
        "priority": 49022,
      },
      "editor": undefined,
      "isReadonly": true,
      "label": "neural",
      "name": "Directives",
      "priority": 24586,
      "type": Object {
        "typeName": "date",
        "valueFormat": "Primitive",
      },
    },
  ],
  "pathToPrimaryClass": Array [
    Object {
      "isForwardRelationship": true,
      "isPolymorphicRelationship": false,
      "relationshipInfo": Object {
        "id": "0x17b830000012270",
        "label": "Ridges streamline",
        "name": "silver",
      },
      "sourceClassInfo": Object {
        "id": "0x1526a0000012015",
        "label": "matrix Focused Handmade Metal Hat",
        "name": "Kentucky",
      },
      "targetClassInfo": Object {
        "id": "0x10ff9000000ee9d",
        "label": "asynchronous Wooden",
        "name": "Ohio",
      },
    },
    Object {
      "isForwardRelationship": true,
      "isPolymorphicRelationship": false,
      "relationshipInfo": Object {
        "id": "0x13572000000f162",
        "label": "Soap",
        "name": "Iowa",
      },
      "sourceClassInfo": Object {
        "id": "0x4b30000000b1c3",
        "label": "algorithm Massachusetts",
        "name": "Niue",
      },
      "targetClassInfo": Object {
        "id": "0x149e900000066ed",
        "label": "Buckinghamshire architecture",
        "name": "South Carolina",
      },
    },
  ],
  "priority": 18043,
  "type": Object {
    "members": Array [
      Object {
        "label": "withdrawal",
        "name": "invoice",
        "type": Object {
          "typeName": "bigint",
          "valueFormat": "Primitive",
        },
      },
    ],
    "typeName": "Cambridgeshire",
    "valueFormat": "Struct",
  },
}
`;

exports[`Field fromJSON creates valid PropertiesField from valid JSON 1`] = `
Object {
  "category": Object {
    "description": "Corporis occaecati explicabo voluptatum ipsam debitis.",
    "expand": false,
    "label": "Sausages",
    "name": "structure",
    "priority": 59710,
  },
  "editor": Object {
    "name": "CSS",
  },
  "isReadonly": true,
  "label": "Toys feed platforms",
  "name": "Infrastructure",
  "priority": 72750,
  "properties": Array [
    Object {
      "property": Object {
        "classInfo": Object {
          "id": "0x12e040000011031",
          "label": "Savings Account Borders",
          "name": "Wooden",
        },
        "name": "Brand",
        "type": "binary",
      },
      "relatedClassPath": Array [
        Object {
          "isForwardRelationship": false,
          "isPolymorphicRelationship": false,
          "relationshipInfo": Object {
            "id": "0xb220000013beb",
            "label": "Avon Plastic calculating",
            "name": "card",
          },
          "sourceClassInfo": Object {
            "id": "0x3b01000000711f",
            "label": "Chips hack",
            "name": "panel",
          },
          "targetClassInfo": Object {
            "id": "0x10040000006bba",
            "label": "plum Refined Steel Shoes",
            "name": "program",
          },
        },
      ],
    },
  ],
  "type": Object {
    "typeName": "int",
    "valueFormat": "Primitive",
  },
}
`;

exports[`NestedContentField fromJSON creates valid NestedContentField from valid JSON 1`] = `
Object {
  "autoExpand": true,
  "category": Object {
    "description": "Est fugit nisi occaecati ea eos maiores distinctio.",
    "expand": true,
    "label": "Borders",
    "name": "clicks-and-mortar",
    "priority": 65673,
  },
  "contentClassInfo": Object {
    "id": "0x1365a0000010344",
    "label": "Belize Dollar Bacon Cameroon",
    "name": "GB",
  },
  "editor": Object {
    "name": "Business-focused",
  },
  "isReadonly": true,
  "label": "compressing Metal",
  "name": "application",
  "nestedFields": Array [
    Object {
      "category": Object {
        "description": "Error delectus est ea omnis rerum perferendis optio voluptatibus.",
        "expand": false,
        "label": "Investor Designer",
        "name": "Colombian Peso Unidad de Valor Real",
        "priority": 98459,
      },
      "editor": undefined,
      "isReadonly": false,
      "label": "FTP",
      "name": "override",
      "priority": 56796,
      "type": Object {
        "typeName": "mediumint",
        "valueFormat": "Primitive",
      },
    },
  ],
  "pathToPrimaryClass": Array [
    Object {
      "isForwardRelationship": true,
      "isPolymorphicRelationship": false,
      "relationshipInfo": Object {
        "id": "0xd10e0000002a8d",
        "label": "granular",
        "name": "mesh",
      },
      "sourceClassInfo": Object {
        "id": "0x15498000000676f",
        "label": "Cambridgeshire Yemeni Rial functionalities",
        "name": "HTTP",
      },
      "targetClassInfo": Object {
        "id": "0xda2d000000bc8d",
        "label": "portals Kids",
        "name": "Tuna",
      },
    },
    Object {
      "isForwardRelationship": false,
      "isPolymorphicRelationship": false,
      "relationshipInfo": Object {
        "id": "0x43400000015918",
        "label": "EXE Credit Card Account",
        "name": "Montana",
      },
      "sourceClassInfo": Object {
        "id": "0x138c200000180f5",
        "label": "Frozen Arkansas calculating",
        "name": "Practical Metal Hat",
      },
      "targetClassInfo": Object {
        "id": "0x1275a00000169f4",
        "label": "indexing",
        "name": "Industrial",
      },
    },
  ],
  "priority": 50980,
  "type": Object {
    "members": Array [
      Object {
        "label": "calculate",
        "name": "programming",
        "type": Object {
          "typeName": "double",
          "valueFormat": "Primitive",
        },
      },
    ],
    "typeName": "North Carolina",
    "valueFormat": "Struct",
  },
}
`;

exports[`NestedContentField fromJSON creates valid NestedContentField from valid serialized JSON 1`] = `
Object {
  "autoExpand": false,
  "category": Object {
    "description": "Et rerum saepe odio quidem incidunt blanditiis.",
    "expand": true,
    "label": "primary 1080p",
    "name": "Diverse",
    "priority": 34887,
  },
  "contentClassInfo": Object {
    "id": "0x1010c0000004a68",
    "label": "Customer",
    "name": "Up-sized",
  },
  "editor": Object {
    "name": "Administrator",
  },
  "isReadonly": true,
  "label": "Tala",
  "name": "salmon",
  "nestedFields": Array [
    Object {
      "category": Object {
        "description": "Omnis exercitationem ut rerum sunt quo iste.",
        "expand": true,
        "label": "Mews content",
        "name": "seize",
        "priority": 4186,
      },
      "editor": undefined,
      "isReadonly": true,
      "label": "Chief Street",
      "name": "Shoes",
      "priority": 62421,
      "type": Object {
        "typeName": "bit",
        "valueFormat": "Primitive",
      },
    },
  ],
  "pathToPrimaryClass": Array [
    Object {
      "isForwardRelationship": false,
      "isPolymorphicRelationship": false,
      "relationshipInfo": Object {
        "id": "0xf4ff0000013d2a",
        "label": "protocol",
        "name": "Practical",
      },
      "sourceClassInfo": Object {
        "id": "0x142c90000011ff8",
        "label": "Kentucky protocol Handcrafted",
        "name": "CSS",
      },
      "targetClassInfo": Object {
        "id": "0x76000001437f",
        "label": "AI Fantastic Metal Computer",
        "name": "instruction set",
      },
    },
    Object {
      "isForwardRelationship": false,
      "isPolymorphicRelationship": false,
      "relationshipInfo": Object {
        "id": "0xa5e10000008592",
        "label": "Sudanese Pound",
        "name": "users",
      },
      "sourceClassInfo": Object {
        "id": "0x15fe00000000bdf",
        "label": "white",
        "name": "Wallis and Futuna",
      },
      "targetClassInfo": Object {
        "id": "0xe3bf0000011f42",
        "label": "Stravenue white",
        "name": "customized",
      },
    },
  ],
  "priority": 5085,
  "type": Object {
    "members": Array [
      Object {
        "label": "SAS",
        "name": "Cotton",
        "type": Object {
          "typeName": "binary",
          "valueFormat": "Primitive",
        },
      },
    ],
    "typeName": "Money Market Account",
    "valueFormat": "Struct",
  },
}
`;

exports[`PropertiesField fromJSON creates valid PropertiesField from valid JSON 1`] = `
Object {
  "category": Object {
    "description": "Sequi repudiandae velit atque voluptas.",
    "expand": true,
    "label": "Grocery West Virginia",
    "name": "Incredible",
    "priority": 39804,
  },
  "editor": undefined,
  "isReadonly": false,
  "label": "Tanzanian Shilling front-end optical",
  "name": "Producer",
  "priority": 57252,
  "properties": Array [
    Object {
      "property": Object {
        "classInfo": Object {
          "id": "0x49c00000089c8",
          "label": "Ferry enable Wooden",
          "name": "Arkansas",
        },
        "name": "SQL",
        "type": "mediumint",
      },
      "relatedClassPath": Array [
        Object {
          "isForwardRelationship": false,
          "isPolymorphicRelationship": true,
          "relationshipInfo": Object {
            "id": "0x1da9000000c48c",
            "label": "calculating Creek Forks",
            "name": "Syrian Arab Republic",
          },
          "sourceClassInfo": Object {
            "id": "0x17efb000000da5f",
            "label": "online",
            "name": "Indiana",
          },
          "targetClassInfo": Object {
            "id": "0x1220e000000b42b",
            "label": "Iraqi Dinar Mexican Peso Mexican Unidad de Inversion (UDI) Tasty",
            "name": "Small",
          },
        },
      ],
    },
  ],
  "type": Object {
    "typeName": "boolean",
    "valueFormat": "Primitive",
  },
}
`;

exports[`PropertiesField fromJSON creates valid PropertiesField from valid serialized JSON 1`] = `
Object {
  "category": Object {
    "description": "Vitae deleniti eum aperiam quo recusandae doloremque voluptatum alias ut.",
    "expand": false,
    "label": "Incredible Granite Towels wireless info-mediaries",
    "name": "orange",
    "priority": 59789,
  },
  "editor": Object {
    "name": "Dynamic",
  },
  "isReadonly": false,
  "label": "Investment Account copy bypassing",
  "name": "Garden",
  "priority": 32204,
  "properties": Array [
    Object {
      "property": Object {
        "classInfo": Object {
          "id": "0x801e00000056e7",
          "label": "Venezuela deposit Seamless",
          "name": "Fiji Dollar",
        },
        "name": "Cambridgeshire",
        "type": "double",
      },
      "relatedClassPath": Array [
        Object {
          "isForwardRelationship": true,
          "isPolymorphicRelationship": false,
          "relationshipInfo": Object {
            "id": "0xb447000000b6b8",
            "label": "Rustic Plastic Shoes e-commerce",
            "name": "front-end",
          },
          "sourceClassInfo": Object {
            "id": "0xce2800000043fa",
            "label": "Central",
            "name": "haptic",
          },
          "targetClassInfo": Object {
            "id": "0xf9330000009885",
            "label": "Handmade",
            "name": "Health",
          },
        },
      ],
    },
  ],
  "type": Object {
    "typeName": "binary",
    "valueFormat": "Primitive",
  },
}
`;
