// Jest Snapshot v1, https://goo.gl/fbAQLP

exports[`TreeDataProvider returns child nodes 1`] = `
Array [
  Object {
    "__presentation-components/key": Object {
      "pathFromRoot": Array [
        "3da8ffb01a263e88441398a167bf117c",
        "2033788ebe3f7658c6897097d06760fe",
      ],
      "type": "child",
    },
    "description": "child description",
    "icon": "child image id",
    "id": "2033788ebe3f7658c6897097d06760fe/3da8ffb01a263e88441398a167bf117c",
    "label": PropertyRecord {
      "property": Object {
        "displayLabel": "Label",
        "name": "node_label",
        "typename": "string",
      },
      "value": Object {
        "displayValue": "child label",
        "value": "child label",
        "valueFormat": 0,
      },
    },
    "parentId": "3da8ffb01a263e88441398a167bf117c",
  },
]
`;

exports[`TreeDataProvider returns child nodes with paging 1`] = `
Array [
  Object {
    "__presentation-components/key": Object {
      "pathFromRoot": Array [
        "3da8ffb01a263e88441398a167bf117c",
        "2033788ebe3f7658c6897097d06760fe",
      ],
      "type": "child",
    },
    "description": "child description",
    "icon": "child image id",
    "id": "2033788ebe3f7658c6897097d06760fe/3da8ffb01a263e88441398a167bf117c",
    "label": PropertyRecord {
      "property": Object {
        "displayLabel": "Label",
        "name": "node_label",
        "typename": "string",
      },
      "value": Object {
        "displayValue": "child label",
        "value": "child label",
        "valueFormat": 0,
      },
    },
    "parentId": "3da8ffb01a263e88441398a167bf117c",
  },
]
`;

exports[`TreeDataProvider returns root nodes 1`] = `
Array [
  Object {
    "__presentation-components/key": Object {
      "pathFromRoot": Array [
        "3da8ffb01a263e88441398a167bf117c",
      ],
      "type": "root",
    },
    "checkBoxState": 1,
    "description": "root description",
    "hasChildren": true,
    "icon": "root image id",
    "id": "3da8ffb01a263e88441398a167bf117c",
    "isCheckboxDisabled": true,
    "isCheckboxVisible": true,
    "label": PropertyRecord {
      "property": Object {
        "displayLabel": "Label",
        "name": "node_label",
        "typename": "string",
      },
      "value": Object {
        "displayValue": "root label",
        "value": "root label",
        "valueFormat": 0,
      },
    },
    "style": Object {
      "colorOverrides": Object {
        "backgroundColor": 8388863,
        "color": 4278190335,
      },
      "isBold": true,
      "isItalic": true,
    },
  },
]
`;

exports[`TreeDataProvider returns root nodes with paging 1`] = `
Array [
  Object {
    "__presentation-components/key": Object {
      "pathFromRoot": Array [
        "3da8ffb01a263e88441398a167bf117c",
      ],
      "type": "root",
    },
    "checkBoxState": 1,
    "description": "root description",
    "hasChildren": true,
    "icon": "root image id",
    "id": "3da8ffb01a263e88441398a167bf117c",
    "isCheckboxDisabled": true,
    "isCheckboxVisible": true,
    "label": PropertyRecord {
      "property": Object {
        "displayLabel": "Label",
        "name": "node_label",
        "typename": "string",
      },
      "value": Object {
        "displayValue": "root label",
        "value": "root label",
        "valueFormat": 0,
      },
    },
    "style": Object {
      "colorOverrides": Object {
        "backgroundColor": 8388863,
        "color": 4278190335,
      },
      "isBold": true,
      "isItalic": true,
    },
  },
]
`;
