// Jest Snapshot v1, https://goo.gl/fbAQLP

exports[`Hierarchies Counting instances of selected nodes correctly counts instances when key set contains grouping node keys 1`] = `
Array [
  Object {
    "description": "A container for persisting definition elements.",
    "hasChildren": true,
    "key": Object {
      "className": "BisCore:DefinitionModel",
      "groupedInstancesCount": 1,
      "pathFromRoot": Array [
        "851bf7b261cc7fe7421475441e4e1b20",
      ],
      "type": "ECClassGroupingNode",
    },
    "label": "Definition Model",
    "labelDefinition": Object {
      "displayValue": "Definition Model",
      "rawValue": "Definition Model",
      "typeName": "string",
    },
  },
  Object {
    "description": "The singleton container for repository-specific definition elements.",
    "hasChildren": true,
    "key": Object {
      "className": "BisCore:DictionaryModel",
      "groupedInstancesCount": 1,
      "pathFromRoot": Array [
        "96989c2a849b374d693e051e2e99a1f2",
      ],
      "type": "ECClassGroupingNode",
    },
    "label": "Dictionary Model",
    "labelDefinition": Object {
      "displayValue": "Dictionary Model",
      "rawValue": "Dictionary Model",
      "typeName": "string",
    },
  },
  Object {
    "description": "Contains a list of document elements.",
    "hasChildren": true,
    "key": Object {
      "className": "BisCore:DocumentListModel",
      "groupedInstancesCount": 2,
      "pathFromRoot": Array [
        "8919efb29e1b6e218bb4254cdf8a53c6",
      ],
      "type": "ECClassGroupingNode",
    },
    "label": "Document List",
    "labelDefinition": Object {
      "displayValue": "Document List",
      "rawValue": "Document List",
      "typeName": "string",
    },
  },
  Object {
    "hasChildren": true,
    "key": Object {
      "className": "Generic:GroupModel",
      "groupedInstancesCount": 1,
      "pathFromRoot": Array [
        "6262de971bde6729bd04cecec9d7b802",
      ],
      "type": "ECClassGroupingNode",
    },
    "label": "Group Model",
    "labelDefinition": Object {
      "displayValue": "Group Model",
      "rawValue": "Group Model",
      "typeName": "string",
    },
  },
  Object {
    "description": "A container for persisting link elements.",
    "hasChildren": true,
    "key": Object {
      "className": "BisCore:LinkModel",
      "groupedInstancesCount": 1,
      "pathFromRoot": Array [
        "70e01c48fea080390154e5920a8025e8",
      ],
      "type": "ECClassGroupingNode",
    },
    "label": "Link Model",
    "labelDefinition": Object {
      "displayValue": "Link Model",
      "rawValue": "Link Model",
      "typeName": "string",
    },
  },
  Object {
    "description": "A container for persisting physical elements that model physical space.",
    "hasChildren": true,
    "key": Object {
      "className": "BisCore:PhysicalModel",
      "groupedInstancesCount": 1,
      "pathFromRoot": Array [
        "92a67755a54843895852bfb646db1fd1",
      ],
      "type": "ECClassGroupingNode",
    },
    "label": "Physical Model",
    "labelDefinition": Object {
      "displayValue": "Physical Model",
      "rawValue": "Physical Model",
      "typeName": "string",
    },
  },
  Object {
    "description": "The singleton container of repository-related information elements.",
    "hasChildren": true,
    "key": Object {
      "className": "BisCore:RepositoryModel",
      "groupedInstancesCount": 1,
      "pathFromRoot": Array [
        "61beb3c378f7696c0ede9a111ed149d3",
      ],
      "type": "ECClassGroupingNode",
    },
    "label": "Repository Model",
    "labelDefinition": Object {
      "displayValue": "Repository Model",
      "rawValue": "Repository Model",
      "typeName": "string",
    },
  },
]
`;

exports[`Hierarchies NodesPaths gets filtered node paths 1`] = `
Array [
  Object {
    "children": Array [
      Object {
        "children": Array [],
        "filteringData": Object {
          "childMatchesCount": 0,
          "matchesCount": 1,
        },
        "index": 0,
        "isMarked": false,
        "node": Object {
          "description": "description",
          "imageId": "imageId",
          "key": Object {
            "pathFromRoot": Array [
              "247eca1de00df6e49f5467ee69db2f91",
              "86bc2e93bbfcfa542836ba8ede7b3033",
            ],
            "type": "nodeType",
          },
          "label": "filter ch1",
          "labelDefinition": Object {
            "displayValue": "filter ch1",
            "rawValue": "filter ch1",
            "typeName": "string",
          },
        },
      },
      Object {
        "children": Array [
          Object {
            "children": Array [],
            "filteringData": Object {
              "childMatchesCount": 0,
              "matchesCount": 1,
            },
            "index": 0,
            "isMarked": false,
            "node": Object {
              "description": "description",
              "imageId": "imageId",
              "key": Object {
                "pathFromRoot": Array [
                  "247eca1de00df6e49f5467ee69db2f91",
                  "a1fcb2fc6fd92f330d9f11685a4cdab5",
                  "0f4517b8731a62e65c5d1ce1680a3df1",
                ],
                "type": "nodeType",
              },
              "label": "filter ch4",
              "labelDefinition": Object {
                "displayValue": "filter ch4",
                "rawValue": "filter ch4",
                "typeName": "string",
              },
            },
          },
        ],
        "filteringData": Object {
          "childMatchesCount": 1,
          "matchesCount": 0,
        },
        "index": 1,
        "isMarked": false,
        "node": Object {
          "description": "description",
          "hasChildren": true,
          "imageId": "imageId",
          "key": Object {
            "pathFromRoot": Array [
              "247eca1de00df6e49f5467ee69db2f91",
              "a1fcb2fc6fd92f330d9f11685a4cdab5",
            ],
            "type": "nodeType",
          },
          "label": "other ch3",
          "labelDefinition": Object {
            "displayValue": "other ch3",
            "rawValue": "other ch3",
            "typeName": "string",
          },
        },
      },
    ],
    "filteringData": Object {
      "childMatchesCount": 2,
      "matchesCount": 1,
    },
    "index": 0,
    "isMarked": false,
    "node": Object {
      "description": "description",
      "hasChildren": true,
      "imageId": "imageId",
      "key": Object {
        "pathFromRoot": Array [
          "247eca1de00df6e49f5467ee69db2f91",
        ],
        "type": "nodeType",
      },
      "label": "filter r1",
      "labelDefinition": Object {
        "displayValue": "filter r1",
        "rawValue": "filter r1",
        "typeName": "string",
      },
    },
  },
  Object {
    "children": Array [
      Object {
        "children": Array [],
        "filteringData": Object {
          "childMatchesCount": 0,
          "matchesCount": 1,
        },
        "index": 0,
        "isMarked": false,
        "node": Object {
          "description": "description",
          "imageId": "imageId",
          "key": Object {
            "pathFromRoot": Array [
              "fc89c0af4376bb60df14f648618e822d",
              "06af315ac469b705ed23f5675daaff5a",
            ],
            "type": "nodeType",
          },
          "label": "filter ch6",
          "labelDefinition": Object {
            "displayValue": "filter ch6",
            "rawValue": "filter ch6",
            "typeName": "string",
          },
        },
      },
    ],
    "filteringData": Object {
      "childMatchesCount": 1,
      "matchesCount": 0,
    },
    "index": 1,
    "isMarked": false,
    "node": Object {
      "description": "description",
      "hasChildren": true,
      "imageId": "imageId",
      "key": Object {
        "pathFromRoot": Array [
          "fc89c0af4376bb60df14f648618e822d",
        ],
        "type": "nodeType",
      },
      "label": "other r3",
      "labelDefinition": Object {
        "displayValue": "other r3",
        "rawValue": "other r3",
        "typeName": "string",
      },
    },
  },
]
`;

exports[`Hierarchies NodesPaths gets node paths 1`] = `
Array [
  Object {
    "children": Array [
      Object {
        "children": Array [
          Object {
            "children": Array [
              Object {
                "children": Array [],
                "filteringData": Object {
                  "childMatchesCount": 0,
                  "matchesCount": 0,
                },
                "index": 0,
                "isMarked": false,
                "node": Object {
                  "key": Object {
                    "instanceKey": Object {
                      "className": "BisCore:DefinitionPartition",
                      "id": "0x10",
                    },
                    "instanceKeys": Array [
                      Object {
                        "className": "BisCore:DefinitionPartition",
                        "id": "0x10",
                      },
                    ],
                    "pathFromRoot": Array [
                      "679ccbb46ad76244084d352b5d7f7983",
                      "2711094066a9995f601d286b6e6866e6",
                      "44d4d5acfd7d3656dcb40a5281d67c61",
                      "8b9e160f3866c7f4fadae569eba9ef25",
                      "0efd370a8754de2427d0fd20b7714777",
                    ],
                    "type": "ECInstancesNode",
                  },
                  "label": "BisCore.DictionaryModel",
                  "labelDefinition": Object {
                    "displayValue": "BisCore.DictionaryModel",
                    "rawValue": "BisCore.DictionaryModel",
                    "typeName": "string",
                  },
                },
              },
            ],
            "filteringData": Object {
              "childMatchesCount": 0,
              "matchesCount": 0,
            },
            "index": 0,
            "isMarked": false,
            "node": Object {
              "description": "A Definition Partition element indicates that there is a definition-related modeling perspective within the overall DgnDb information hierarchy. A Definition Partition is always parented to a Subject and broken down by a Definition Model.",
              "hasChildren": true,
              "key": Object {
                "className": "BisCore:DefinitionPartition",
                "groupedInstancesCount": 1,
                "pathFromRoot": Array [
                  "679ccbb46ad76244084d352b5d7f7983",
                  "2711094066a9995f601d286b6e6866e6",
                  "44d4d5acfd7d3656dcb40a5281d67c61",
                  "8b9e160f3866c7f4fadae569eba9ef25",
                ],
                "type": "ECClassGroupingNode",
              },
              "label": "Definition Partition",
              "labelDefinition": Object {
                "displayValue": "Definition Partition",
                "rawValue": "Definition Partition",
                "typeName": "string",
              },
            },
          },
          Object {
            "children": Array [
              Object {
                "children": Array [],
                "filteringData": Object {
                  "childMatchesCount": 0,
                  "matchesCount": 0,
                },
                "index": 0,
                "isMarked": true,
                "node": Object {
                  "key": Object {
                    "instanceKey": Object {
                      "className": "BisCore:LinkPartition",
                      "id": "0xe",
                    },
                    "instanceKeys": Array [
                      Object {
                        "className": "BisCore:LinkPartition",
                        "id": "0xe",
                      },
                    ],
                    "pathFromRoot": Array [
                      "679ccbb46ad76244084d352b5d7f7983",
                      "2711094066a9995f601d286b6e6866e6",
                      "44d4d5acfd7d3656dcb40a5281d67c61",
                      "93e5eef1bcd27c39e00b3f62d4df415b",
                      "1554b13b284ed9a3ac984f4d0b885cfc",
                    ],
                    "type": "ECInstancesNode",
                  },
                  "label": "BisCore.RealityDataSources",
                  "labelDefinition": Object {
                    "displayValue": "BisCore.RealityDataSources",
                    "rawValue": "BisCore.RealityDataSources",
                    "typeName": "string",
                  },
                },
              },
            ],
            "filteringData": Object {
              "childMatchesCount": 0,
              "matchesCount": 0,
            },
            "index": 1,
            "isMarked": false,
            "node": Object {
              "description": "A Link Partition element indicates that there is a link-related modeling perspective within the overall DgnDb information hierarchy. A Link Partition is always parented to a Subject and broken down by a Link Model.",
              "hasChildren": true,
              "key": Object {
                "className": "BisCore:LinkPartition",
                "groupedInstancesCount": 1,
                "pathFromRoot": Array [
                  "679ccbb46ad76244084d352b5d7f7983",
                  "2711094066a9995f601d286b6e6866e6",
                  "44d4d5acfd7d3656dcb40a5281d67c61",
                  "93e5eef1bcd27c39e00b3f62d4df415b",
                ],
                "type": "ECClassGroupingNode",
              },
              "label": "Link Partition",
              "labelDefinition": Object {
                "displayValue": "Link Partition",
                "rawValue": "Link Partition",
                "typeName": "string",
              },
            },
          },
        ],
        "filteringData": Object {
          "childMatchesCount": 0,
          "matchesCount": 0,
        },
        "index": 0,
        "isMarked": false,
        "node": Object {
          "hasChildren": true,
          "key": Object {
            "instanceKey": Object {
              "className": "BisCore:Subject",
              "id": "0x1",
            },
            "instanceKeys": Array [
              Object {
                "className": "BisCore:Subject",
                "id": "0x1",
              },
            ],
            "pathFromRoot": Array [
              "679ccbb46ad76244084d352b5d7f7983",
              "2711094066a9995f601d286b6e6866e6",
              "44d4d5acfd7d3656dcb40a5281d67c61",
            ],
            "type": "ECInstancesNode",
          },
          "label": "DgnV8Bridge",
          "labelDefinition": Object {
            "displayValue": "DgnV8Bridge",
            "rawValue": "DgnV8Bridge",
            "typeName": "string",
          },
        },
      },
    ],
    "filteringData": Object {
      "childMatchesCount": 0,
      "matchesCount": 0,
    },
    "index": 0,
    "isMarked": false,
    "node": Object {
      "hasChildren": true,
      "key": Object {
        "instanceKey": Object {
          "className": "BisCore:RepositoryModel",
          "id": "0x1",
        },
        "instanceKeys": Array [
          Object {
            "className": "BisCore:RepositoryModel",
            "id": "0x1",
          },
        ],
        "pathFromRoot": Array [
          "679ccbb46ad76244084d352b5d7f7983",
          "2711094066a9995f601d286b6e6866e6",
        ],
        "type": "ECInstancesNode",
      },
      "label": "DgnV8Bridge",
      "labelDefinition": Object {
        "displayValue": "DgnV8Bridge",
        "rawValue": "DgnV8Bridge",
        "typeName": "string",
      },
    },
  },
]
`;
