// Jest Snapshot v1, https://goo.gl/fbAQLP

exports[`NodePathElement fromJSON creates valid NodePathElement from JSON 1`] = `
Object {
  "children": Array [],
  "filteringData": Object {
    "childMatchesCount": 53454,
    "matchesCount": 54078,
  },
  "index": 333,
  "isMarked": false,
  "node": Object {
    "backColor": undefined,
    "description": undefined,
    "foreColor": undefined,
    "hasChildren": false,
    "isCheckboxEnabled": false,
    "isCheckboxVisible": true,
    "isChecked": true,
    "isEditable": false,
    "isExpanded": true,
    "isSelectionDisabled": false,
    "key": Object {
      "instanceKey": Object {
        "className": "Infrastructure",
        "id": "0x114e90000003608",
      },
      "pathFromRoot": Array [
        "5420fd61-9e00-4e93-b72c-0df8e5c6cd1a",
        "1b99c1db-1774-4d7c-a453-fb2306df0849",
      ],
      "type": "ECInstanceNode",
    },
    "label": "Corners",
    "labelDefinition": Object {
      "displayValue": "Corners",
      "rawValue": "Kids",
      "typeName": "string",
    },
  },
}
`;

exports[`NodePathElement fromJSON creates valid NodePathElement from serialized JSON 1`] = `
Object {
  "children": Array [],
  "filteringData": Object {
    "childMatchesCount": 46073,
    "matchesCount": 75986,
  },
  "index": 540,
  "isMarked": false,
  "node": Object {
    "foreColor": "#0B8631",
    "hasChildren": false,
    "isCheckboxEnabled": false,
    "isCheckboxVisible": false,
    "isChecked": false,
    "isEditable": true,
    "isExpanded": false,
    "isSelectionDisabled": true,
    "key": Object {
      "instanceKey": Object {
        "className": "Chair",
        "id": "0x101a10000005b91",
      },
      "pathFromRoot": Array [
        "5fe7c75a-2781-41e4-9a84-e5a017d93c3d",
        "35fbe933-627c-4856-9e2e-acbc14ddc316",
      ],
      "type": "ECInstanceNode",
    },
    "label": "Bedfordshire",
    "labelDefinition": Object {
      "displayValue": "Bedfordshire",
      "rawValue": "Central",
      "typeName": "string",
    },
  },
}
`;

exports[`NodePathElement listFromJSON creates valid NodePathElement[] from JSON 1`] = `
Array [
  Object {
    "children": Array [],
    "index": 805,
    "node": Object {
      "backColor": "rgb(
    249,
    200,
    205
  )",
      "description": undefined,
      "foreColor": "#ECBA67",
      "hasChildren": true,
      "isCheckboxEnabled": true,
      "isCheckboxVisible": false,
      "isChecked": false,
      "isEditable": true,
      "isExpanded": false,
      "isSelectionDisabled": true,
      "key": Object {
        "instanceKey": Object {
          "className": "Seychelles Rupee",
          "id": "0x13368000000d08b",
        },
        "pathFromRoot": Array [
          "04505a69-e21d-4351-a5c7-f920978feb8f",
          "55981cb4-9872-4dc4-a9bf-aa6788c2a2d7",
        ],
        "type": "ECInstanceNode",
      },
      "label": "hub",
      "labelDefinition": Object {
        "displayValue": "hub",
        "rawValue": "Soap",
        "typeName": "string",
      },
    },
  },
  Object {
    "children": Array [],
    "index": 862,
    "isMarked": true,
    "node": Object {
      "backColor": undefined,
      "description": "Repellat harum voluptatem saepe et unde rerum qui dolores.",
      "foreColor": undefined,
      "hasChildren": false,
      "isCheckboxEnabled": true,
      "isCheckboxVisible": true,
      "isChecked": false,
      "isEditable": false,
      "isExpanded": false,
      "isSelectionDisabled": false,
      "key": Object {
        "instanceKey": Object {
          "className": "Creative",
          "id": "0x71550000008d27",
        },
        "pathFromRoot": Array [
          "6aed2582-9532-4178-9af6-dff8fd98ef6b",
          "b8799c5b-b37b-4cde-ae3a-8095be3e45bf",
        ],
        "type": "ECInstanceNode",
      },
      "label": "Borders",
      "labelDefinition": Object {
        "displayValue": "Borders",
        "rawValue": "Plastic",
        "typeName": "string",
      },
    },
  },
]
`;

exports[`NodePathElement listFromJSON creates valid NodePathElement[] from serialized JSON 1`] = `
Array [
  Object {
    "children": Array [],
    "index": 776,
    "node": Object {
      "backColor": "rgb(
    67,
    86,
    243
  )",
      "description": "Dolorem qui accusantium iure.",
      "foreColor": "#987A4A",
      "hasChildren": true,
      "isCheckboxEnabled": false,
      "isCheckboxVisible": false,
      "isChecked": true,
      "isEditable": false,
      "isExpanded": true,
      "isSelectionDisabled": false,
      "key": Object {
        "instanceKey": Object {
          "className": "compress",
          "id": "0xace7000000266a",
        },
        "pathFromRoot": Array [
          "7aacd814-57d2-46c1-a268-44b886bc4b70",
          "df7f4363-4276-4e71-933f-e9e95dc28f6c",
        ],
        "type": "ECInstanceNode",
      },
      "label": "Small",
      "labelDefinition": Object {
        "displayValue": "Small",
        "rawValue": "Manager",
        "typeName": "string",
      },
    },
  },
  Object {
    "children": Array [],
    "filteringData": Object {
      "childMatchesCount": 48882,
      "matchesCount": 13008,
    },
    "index": 96,
    "isMarked": true,
    "node": Object {
      "backColor": "rgb(
    205,
    218,
    57
  )",
      "hasChildren": true,
      "isCheckboxEnabled": false,
      "isCheckboxVisible": false,
      "isChecked": false,
      "isEditable": true,
      "isExpanded": true,
      "isSelectionDisabled": false,
      "key": Object {
        "instanceKey": Object {
          "className": "open-source",
          "id": "0x345c000000a46e",
        },
        "pathFromRoot": Array [
          "7cfaaf4d-16b1-47d8-9d24-b5b125e76533",
          "d9bbd6f3-5fb5-4d9e-b170-f7c7ed87d78c",
        ],
        "type": "ECInstanceNode",
      },
      "label": "mint green",
      "labelDefinition": Object {
        "displayValue": "mint green",
        "rawValue": "Steel",
        "typeName": "string",
      },
    },
  },
]
`;

exports[`NodePathElement toJSON serializes NodePathElement 1`] = `
Object {
  "children": Array [],
  "filteringData": Object {
    "childrenOccurances": 64421,
    "occurances": 36084,
  },
  "index": 976,
  "isMarked": true,
  "node": Object {
    "backColor": undefined,
    "description": "Dolor ullam accusantium quo vero minima officiis sit sit.",
    "foreColor": undefined,
    "hasChildren": false,
    "imageId": "Innovative",
    "isCheckboxEnabled": false,
    "isCheckboxVisible": false,
    "isChecked": false,
    "isEditable": false,
    "isExpanded": true,
    "isSelectionDisabled": false,
    "key": Object {
      "instanceKey": Object {
        "className": "e-tailers",
        "id": "0x11def0000000023",
      },
      "pathFromRoot": Array [
        "ccbe474a-f05d-4fe9-bf2b-bc0fbbd16d4c",
        "3d32d8df-acc0-4337-aad1-b790108333b5",
      ],
      "type": "ECInstanceNode",
    },
    "label": "black",
    "labelDefinition": Object {
      "displayValue": "black",
      "rawValue": "Metrics",
      "typeName": "string",
    },
  },
}
`;

exports[`NodePathElement toJSON serializes NodePathElement with undefined \`isMarked\` flag 1`] = `
Object {
  "children": Array [],
  "index": 281,
  "node": Object {
    "backColor": "rgb(
    194,
    176,
    8
  )",
    "description": "Rerum distinctio eaque aut hic.",
    "foreColor": undefined,
    "hasChildren": false,
    "imageId": undefined,
    "isCheckboxEnabled": true,
    "isCheckboxVisible": false,
    "isChecked": true,
    "isEditable": false,
    "isExpanded": true,
    "isSelectionDisabled": false,
    "key": Object {
      "instanceKey": Object {
        "className": "Universal",
        "id": "0x1e33000000d6d9",
      },
      "pathFromRoot": Array [
        "248bceac-fde5-4a91-a643-5a77370c91fc",
        "73b80ac2-30fa-48b3-b64e-44126dad53e9",
      ],
      "type": "ECInstanceNode",
    },
    "label": "compressing",
    "labelDefinition": Object {
      "displayValue": "compressing",
      "rawValue": "solid state",
      "typeName": "string",
    },
  },
}
`;

exports[`NodePathElement toJSON serializes NodePathElement with undefined filtering data 1`] = `
Object {
  "children": Array [],
  "index": 5,
  "node": Object {
    "backColor": undefined,
    "description": undefined,
    "foreColor": undefined,
    "hasChildren": true,
    "imageId": "copying",
    "isCheckboxEnabled": true,
    "isCheckboxVisible": false,
    "isChecked": false,
    "isEditable": false,
    "isExpanded": true,
    "isSelectionDisabled": false,
    "key": Object {
      "instanceKey": Object {
        "className": "interface",
        "id": "0xad25000001764f",
      },
      "pathFromRoot": Array [
        "84574f94-369a-4601-aeae-22d2e7a064d4",
        "03a7ecee-2025-4756-af76-faccdd1e5efb",
      ],
      "type": "ECInstanceNode",
    },
    "label": "Steel",
    "labelDefinition": Object {
      "displayValue": "Steel",
      "rawValue": "Creative",
      "typeName": "string",
    },
  },
}
`;
