// Jest Snapshot v1, https://goo.gl/fbAQLP

exports[`Node fromJSON creates valid Node from JSON 1`] = `
Object {
  "backColor": "rgb(
    182,
    131,
    203
  )",
  "description": "Ab ea eveniet ullam occaecati aperiam non ab.",
  "foreColor": undefined,
  "hasChildren": false,
  "imageId": "bandwidth",
  "isCheckboxEnabled": true,
  "isCheckboxVisible": false,
  "isChecked": true,
  "isEditable": false,
  "isExpanded": false,
  "isSelectionDisabled": true,
  "key": Object {
    "instanceKey": Object {
      "className": "Afghanistan",
      "id": "0x13ce90000002ea7",
    },
    "pathFromRoot": Array [
      "5129f82b-5276-4d87-8ba3-b8ff74048811",
      "93c08eb4-5a77-4ddb-ba30-f33c97571e0f",
    ],
    "type": "ECInstanceNode",
  },
  "label": "utilize",
  "labelDefinition": Object {
    "displayValue": "utilize",
    "rawValue": "Central",
    "typeName": "string",
  },
}
`;

exports[`Node fromJSON creates valid Node from serialized JSON 1`] = `
Object {
  "foreColor": "#D7FE8A",
  "hasChildren": false,
  "imageId": "Credit Card Account",
  "isCheckboxEnabled": false,
  "isCheckboxVisible": false,
  "isChecked": true,
  "isEditable": false,
  "isExpanded": false,
  "isSelectionDisabled": false,
  "key": Object {
    "instanceKey": Object {
      "className": "24/7",
      "id": "0x13072000000c8dc",
    },
    "pathFromRoot": Array [
      "41ce5242-abda-42a7-96dd-f8d9fe71dab8",
      "e4358d78-e06d-4c62-8f5a-02b9ecb87afe",
    ],
    "type": "ECInstanceNode",
  },
  "label": "website",
  "labelDefinition": Object {
    "displayValue": "website",
    "rawValue": "Forest",
    "typeName": "string",
  },
}
`;

exports[`Node listFromJSON creates valid Node[] from JSON 1`] = `
Array [
  Object {
    "backColor": "rgb(
    114,
    183,
    43
  )",
    "description": undefined,
    "foreColor": undefined,
    "hasChildren": false,
    "imageId": undefined,
    "isCheckboxEnabled": true,
    "isCheckboxVisible": true,
    "isChecked": false,
    "isEditable": false,
    "isExpanded": false,
    "isSelectionDisabled": false,
    "key": Object {
      "instanceKey": Object {
        "className": "Refined Steel Gloves",
        "id": "0x17ac2000000a3a1",
      },
      "pathFromRoot": Array [
        "d20e88ab-2d4b-4a4e-b157-e9efc4ab5ccd",
        "51f65688-18bb-4596-9c06-98a07d760acd",
      ],
      "type": "ECInstanceNode",
    },
    "label": "optical",
    "labelDefinition": Object {
      "displayValue": "optical",
      "rawValue": "Turkmenistan",
      "typeName": "string",
    },
  },
  Object {
    "backColor": "rgb(
    192,
    167,
    181
  )",
    "description": "Earum placeat ut est mollitia soluta.",
    "foreColor": undefined,
    "hasChildren": true,
    "imageId": undefined,
    "isCheckboxEnabled": true,
    "isCheckboxVisible": true,
    "isChecked": true,
    "isEditable": true,
    "isExpanded": false,
    "isSelectionDisabled": true,
    "key": Object {
      "instanceKey": Object {
        "className": "Plastic",
        "id": "0x4b3f0000000e4e",
      },
      "pathFromRoot": Array [
        "3e690a05-18d9-42dd-989f-9a8a212f6872",
        "fd8f9f65-9cef-49c2-9bb4-4acc219c15db",
      ],
      "type": "ECInstanceNode",
    },
    "label": "sensor",
    "labelDefinition": Object {
      "displayValue": "sensor",
      "rawValue": "Money Market Account",
      "typeName": "string",
    },
  },
]
`;

exports[`Node listFromJSON creates valid Node[] from serialized JSON 1`] = `
Array [
  Object {
    "hasChildren": true,
    "imageId": "Savings Account",
    "isCheckboxEnabled": false,
    "isCheckboxVisible": true,
    "isChecked": true,
    "isEditable": false,
    "isExpanded": false,
    "isSelectionDisabled": true,
    "key": Object {
      "instanceKey": Object {
        "className": "Borders",
        "id": "0xb50a0000000fa4",
      },
      "pathFromRoot": Array [
        "f2825eae-2829-48de-ba99-b791d53bd36d",
        "463293bd-6f88-4836-ba7b-bcc6116044ce",
      ],
      "type": "ECInstanceNode",
    },
    "label": "circuit",
    "labelDefinition": Object {
      "displayValue": "circuit",
      "rawValue": "bluetooth",
      "typeName": "string",
    },
  },
  Object {
    "foreColor": "#903169",
    "hasChildren": false,
    "isCheckboxEnabled": false,
    "isCheckboxVisible": true,
    "isChecked": true,
    "isEditable": false,
    "isExpanded": false,
    "isSelectionDisabled": true,
    "key": Object {
      "instanceKey": Object {
        "className": "Libyan Dinar",
        "id": "0x1118a000000961c",
      },
      "pathFromRoot": Array [
        "0047b71e-154a-47dd-9bf1-d5a969ce80cc",
        "7a46b3f4-ba8b-41b8-b5df-1f018740c508",
      ],
      "type": "ECInstanceNode",
    },
    "label": "Indiana",
    "labelDefinition": Object {
      "displayValue": "Indiana",
      "rawValue": "web-enabled",
      "typeName": "string",
    },
  },
]
`;

exports[`Node toJSON serializes Node 1`] = `
Object {
  "backColor": undefined,
  "description": "Est esse quo dicta ut.",
  "foreColor": "#553B65",
  "hasChildren": false,
  "imageId": undefined,
  "isCheckboxEnabled": true,
  "isCheckboxVisible": false,
  "isChecked": true,
  "isEditable": true,
  "isExpanded": true,
  "isSelectionDisabled": true,
  "key": Object {
    "instanceKey": Object {
      "className": "International",
      "id": "0x15d4700000161fd",
    },
    "pathFromRoot": Array [
      "1a565950-ae3f-4e3b-839c-1d6f2a17055c",
      "accb47fb-8ce5-438e-885a-20877ad8fc1f",
    ],
    "type": "ECInstanceNode",
  },
  "label": "methodical",
  "labelDefinition": Object {
    "displayValue": "methodical",
    "rawValue": "Berkshire",
    "typeName": "string",
  },
}
`;

exports[`Node toJSON serializes Node without labelDefinition 1`] = `
Object {
  "backColor": "rgb(
    153,
    118,
    239
  )",
  "description": undefined,
  "foreColor": undefined,
  "hasChildren": false,
  "imageId": "parsing",
  "isCheckboxEnabled": true,
  "isCheckboxVisible": true,
  "isChecked": false,
  "isEditable": true,
  "isExpanded": false,
  "isSelectionDisabled": false,
  "key": Object {
    "instanceKey": Object {
      "className": "National",
      "id": "0x1578700000143e5",
    },
    "pathFromRoot": Array [
      "ea188cf7-d7fb-441a-ac80-5d650de79565",
      "9ee961c1-df2f-46a2-8c6e-57e6f9c31ed3",
    ],
    "type": "ECInstanceNode",
  },
  "label": "transmit",
  "labelDefinition": Object {
    "displayValue": "transmit",
    "rawValue": "transmit",
    "typeName": "string",
  },
}
`;
